******************************************************************************
                  TI ARM Linker PC v18.12.2                    
******************************************************************************
>> Linked Sun Nov 17 11:36:10 2019

OUTPUT FILE NAME:   <Lab9.out>
ENTRY POINT SYMBOL: "_c_int00_noargs"  address: 00001d01


MEMORY CONFIGURATION

         name            origin    length      used     unused   attr    fill
----------------------  --------  ---------  --------  --------  ----  --------
  MAIN                  00000000   00040000  0000204c  0003dfb4  R  X
  INFO                  00200000   00004000  00000000  00004000  R  X
  SRAM_CODE             01000000   00010000  000002cb  0000fd35  RW X
  SRAM_DATA             20000000   00010000  000002cb  0000fd35  RW  


SEGMENT ALLOCATION MAP

run origin  load origin   length   init length attrs members
----------  ----------- ---------- ----------- ----- -------
00000000    00000000    00002050   00002050    r-x
  00000000    00000000    000000e4   000000e4    r-- .intvecs
  000000e4    000000e4    00001ebc   00001ebc    r-x .text
  00001fa0    00001fa0    00000044   00000044    r-- .const
  00001fe8    00001fe8    00000068   00000068    r-- .cinit
20000000    20000000    000000cb   00000000    rw-
  20000000    20000000    000000c0   00000000    rw- .data
  200000c0    200000c0    0000000b   00000000    rw- .bss
2000fe00    2000fe00    00000200   00000000    rw-
  2000fe00    2000fe00    00000200   00000000    rw- .stack


SECTION ALLOCATION MAP

 output                                  attributes/
section   page    origin      length       input sections
--------  ----  ----------  ----------   ----------------
.intvecs   0    00000000    000000e4     
                  00000000    000000e4     startup_msp432p401r_ccs.obj (.intvecs:retain)

.text      0    000000e4    00001ebc     
                  000000e4    00000d18     main.obj (.text:main)
                  00000dfc    000001b6     rtsv7M4_T_le_v4SPD16_eabi.lib : fd_add_t2.asm.obj (.text)
                  00000fb2    00000002     startup_msp432p401r_ccs.obj (.text:Default_Handler)
                  00000fb4    0000017c     Clock.obj (.text:Clock_Init48MHz)
                  00001130    000000d8     HAL_OPT3001.obj (.text:OPT3001_getLux)
                  00001208    000000b8     main.obj (.text:Initialize_System)
                  000012c0    000000b4     Encoder.obj (.text:encoder_init)
                  00001374    000000b0     Bump.obj (.text:Bump_Read)
                  00001424    000000b0     Motor.obj (.text:motor_init)
                  000014d4    0000009c     rtsv7M4_T_le_v4SPD16_eabi.lib : memcpy_t2.asm.obj (.text)
                  00001570    00000098     Encoder.obj (.text:PORT5_IRQHandler)
                  00001608    0000008c     HAL_I2C.obj (.text:I2C_read16)
                  00001694    0000008c     Button.obj (.text:button_init)
                  00001720    00000088     msp432p4xx_driverlib.lib : gpio.o (.text:GPIO_setAsPeripheralModuleFunctionOutputPin)
                  000017a8    00000078     system_msp432p401r.obj (.text:SystemInit)
                  00001820    0000006e     rtsv7M4_T_le_v4SPD16_eabi.lib : fd_tos_t2.asm.obj (.text)
                  0000188e    00000002     --HOLE-- [fill = 0]
                  00001890    0000006c     msp432p4xx_driverlib.lib : i2c.o (.text:I2C_masterSendMultiByteFinish)
                  000018fc    00000068                              : i2c.o (.text:I2C_masterSendMultiByteStart)
                  00001964    00000068     rtsv7M4_T_le_v4SPD16_eabi.lib : copy_decompress_lzss.c.obj (.text:decompress:lzss:__TI_decompress_lzss)
                  000019cc    00000062     msp432p4xx_driverlib.lib : i2c.o (.text:I2C_initMaster)
                  00001a2e    00000002     --HOLE-- [fill = 0]
                  00001a30    00000060     Motor.obj (.text:set_left_motor_pwm)
                  00001a90    00000060     Motor.obj (.text:set_right_motor_pwm)
                  00001af0    0000005c     Bump.obj (.text:Bump_Init)
                  00001b4c    00000048     HAL_I2C.obj (.text:I2C_write16)
                  00001b94    00000044     Button.obj (.text:PORT1_IRQHandler)
                  00001bd8    00000044     rtsv7M4_T_le_v4SPD16_eabi.lib : autoinit.c.obj (.text:__TI_auto_init_nobinit_nopinit:__TI_auto_init_nobinit_nopinit)
                  00001c1c    00000040     msp432p4xx_driverlib.lib : i2c.o (.text:I2C_masterReceiveMultiByteFinish)
                  00001c5c    00000038                              : i2c.o (.text:I2C_masterSendMultiByteStop)
                  00001c94    00000038     rtsv7M4_T_le_v4SPD16_eabi.lib : fs_tod_t2.asm.obj (.text)
                  00001ccc    00000034     msp432p4xx_driverlib.lib : i2c.o (.text:I2C_masterSendMultiByteNext)
                  00001d00    00000034     rtsv7M4_T_le_v4SPD16_eabi.lib : boot_cortex_m.c.obj (.text:_c_int00_noargs:_c_int00_noargs)
                  00001d34    00000030     Motor.obj (.text:set_left_motor_direction)
                  00001d64    00000030     Motor.obj (.text:set_right_motor_direction)
                  00001d94    0000002c     Clock.obj (.text:Clock_Delay1ms)
                  00001dc0    00000020     HAL_I2C.obj (.text:I2C_init)
                  00001de0    0000001c     msp432p4xx_driverlib.lib : i2c.o (.text:I2C_setMode)
                  00001dfc    0000001c     HAL_I2C.obj (.text:I2C_setslave)
                  00001e18    0000001c     rtsv7M4_T_le_v4SPD16_eabi.lib : copy_zero_init.c.obj (.text:decompress:ZI:__TI_zero_init_nomemset:__TI_zero_init_nomemset)
                  00001e34    0000001a     msp432p4xx_driverlib.lib : i2c.o (.text:I2C_masterReceiveStart)
                  00001e4e    00000018                              : i2c.o (.text:I2C_getInterruptStatus)
                  00001e66    00000002     --HOLE-- [fill = 0]
                  00001e68    00000018                              : i2c.o (.text:I2C_isBusBusy)
                  00001e80    00000018     HAL_I2C.obj (.text:Init_I2C_GPIO)
                  00001e98    00000018     Button.obj (.text:button_S1_pressed)
                  00001eb0    00000018     Button.obj (.text:button_S2_pressed)
                  00001ec8    00000016     msp432p4xx_driverlib.lib : i2c.o (.text:I2C_clearInterruptFlag)
                  00001ede    00000016                              : i2c.o (.text:I2C_disableModule)
                  00001ef4    00000016                              : i2c.o (.text:I2C_enableModule)
                  00001f0a    00000014                              : i2c.o (.text:I2C_masterReceiveMultiByteNext)
                  00001f1e    00000014                              : i2c.o (.text:I2C_setSlaveAddress)
                  00001f32    00000014     HAL_OPT3001.obj (.text:OPT3001_init)
                  00001f46    00000002     --HOLE-- [fill = 0]
                  00001f48    00000010     main.obj (.text:SysTick_Handler)
                  00001f58    0000000e     rtsv7M4_T_le_v4SPD16_eabi.lib : copy_decompress_none.c.obj (.text:decompress:none:__TI_decompress_none)
                  00001f66    0000000e     Clock.obj (.text:delay)
                  00001f74    0000000c     startup_msp432p401r_ccs.obj (.text:Reset_Handler)
                  00001f80    0000000c     Encoder.obj (.text:get_left_motor_count)
                  00001f8c    0000000c     Encoder.obj (.text:get_right_motor_count)
                  00001f98    00000004     rtsv7M4_T_le_v4SPD16_eabi.lib : pre_init.c.obj (.text:_system_pre_init)
                  00001f9c    00000004                                   : exit.c.obj (.text:abort:abort)

.const     0    00001fa0    00000044     
                  00001fa0    00000030     msp432p4xx_driverlib.lib : gpio.o (.const:GPIO_PORT_TO_BASE)
                  00001fd0    00000014     HAL_I2C.obj (.const:i2cConfig)

.cinit     0    00001fe8    00000068     
                  00001fe8    00000041     (.cinit..data.load) [load image, compression = lzss]
                  00002029    00000003     --HOLE-- [fill = 0]
                  0000202c    0000000c     (__TI_handler_table)
                  00002038    00000008     (.cinit..bss.load) [load image, compression = zero_init]
                  00002040    00000010     (__TI_cinit_table)

.init_array 
*          0    00000000    00000000     UNINITIALIZED

.binit     0    00000000    00000000     

.data      0    20000000    000000c0     UNINITIALIZED
                  20000000    0000006d     main.obj (.data)
                  2000006d    00000002     Button.obj (.data)
                  2000006f    00000001     --HOLE--
                  20000070    00000018     Clock.obj (.data)
                  20000088    00000018     Motor.obj (.data:left_motor_pwm_config)
                  200000a0    00000018     Motor.obj (.data:right_motor_pwm_config)
                  200000b8    00000008     Encoder.obj (.data)

.bss       0    200000c0    0000000b     UNINITIALIZED
                  200000c0    00000004     (.common:lux)
                  200000c4    00000001     (.common:bump_data)
                  200000c5    00000001     (.common:bump_data0)
                  200000c6    00000001     (.common:bump_data1)
                  200000c7    00000001     (.common:bump_data2)
                  200000c8    00000001     (.common:bump_data3)
                  200000c9    00000001     (.common:bump_data4)
                  200000ca    00000001     (.common:bump_data5)

.stack     0    2000fe00    00000200     UNINITIALIZED
                  2000fe00    00000004     rtsv7M4_T_le_v4SPD16_eabi.lib : boot_cortex_m.c.obj (.stack)
                  2000fe04    000001fc     --HOLE--

MODULE SUMMARY

       Module                        code   ro data   rw data
       ------                        ----   -------   -------
    .\
       main.obj                      3552   0         240    
       system_msp432p401r.obj        120    0         0      
    +--+-----------------------------+------+---------+---------+
       Total:                        3672   0         240    
                                                             
    .\Library\
       Motor.obj                     464    0         96     
       Clock.obj                     438    0         48     
       Encoder.obj                   356    0         16     
       HAL_I2C.obj                   296    20        0      
       Bump.obj                      268    0         0      
       Button.obj                    256    0         4      
       HAL_OPT3001.obj               236    0         0      
    +--+-----------------------------+------+---------+---------+
       Total:                        2314   20        164    
                                                             
    .\ccs\
       startup_msp432p401r_ccs.obj   14     228       0      
    +--+-----------------------------+------+---------+---------+
       Total:                        14     228       0      
                                                             
    C:/ti/simplelink_msp432p4_sdk_3_30_00_13/source/ti/devices/msp432p4xx/driverlib/ccs/msp432p4xx_driverlib.lib
       i2c.o                         690    0         0      
       gpio.o                        136    48        0      
    +--+-----------------------------+------+---------+---------+
       Total:                        826    48        0      
                                                             
    C:\ti\ccs910\ccs\tools\compiler\ti-cgt-arm_18.12.2.LTS\lib\rtsv7M4_T_le_v4SPD16_eabi.lib
       fd_add_t2.asm.obj             438    0         0      
       memcpy_t2.asm.obj             156    0         0      
       fd_tos_t2.asm.obj             110    0         0      
       copy_decompress_lzss.c.obj    104    0         0      
       autoinit.c.obj                68     0         0      
       fs_tod_t2.asm.obj             56     0         0      
       boot_cortex_m.c.obj           52     0         0      
       copy_zero_init.c.obj          28     0         0      
       copy_decompress_none.c.obj    14     0         0      
       exit.c.obj                    4      0         0      
       pre_init.c.obj                4      0         0      
    +--+-----------------------------+------+---------+---------+
       Total:                        1034   0         0      
                                                             
       Stack:                        0      0         1024   
       Linker Generated:             0      101       0      
    +--+-----------------------------+------+---------+---------+
       Grand Total:                  7860   397       1428   


LINKER GENERATED COPY TABLES

__TI_cinit_table @ 00002040 records: 2, size/record: 8, table size: 16
	.data: load addr=00001fe8, load size=00000041 bytes, run addr=20000000, run size=000000c0 bytes, compression=lzss
	.bss: load addr=00002038, load size=00000008 bytes, run addr=200000c0, run size=0000000b bytes, compression=zero_init


LINKER GENERATED HANDLER TABLE

__TI_handler_table @ 0000202c records: 3, size/record: 4, table size: 12
	index: 0, handler: __TI_decompress_lzss
	index: 1, handler: __TI_decompress_none
	index: 2, handler: __TI_zero_init


GLOBAL SYMBOLS: SORTED ALPHABETICALLY BY Name 

address   name                                       
-------   ----                                       
00000fb3  ADC14_IRQHandler                           
00000fb3  AES256_IRQHandler                          
00001af1  Bump_Init                                  
00001375  Bump_Read                                  
00000fb3  BusFault_Handler                           
00001f9d  C$$EXIT                                    
00000fb3  COMP_E0_IRQHandler                         
00000fb3  COMP_E1_IRQHandler                         
20000078  CPMwait                                    
00000fb3  CS_IRQHandler                              
20000070  ClockFrequency                             
00001d95  Clock_Delay1ms                             
00000fb5  Clock_Init48MHz                            
20000084  Crystalstable                              
00000fb3  DMA_ERR_IRQHandler                         
00000fb3  DMA_INT0_IRQHandler                        
00000fb3  DMA_INT1_IRQHandler                        
00000fb3  DMA_INT2_IRQHandler                        
00000fb3  DMA_INT3_IRQHandler                        
00000fb3  DebugMon_Handler                           
00000fb3  Default_Handler                            
00000fb3  EUSCIA0_IRQHandler                         
00000fb3  EUSCIA1_IRQHandler                         
00000fb3  EUSCIA2_IRQHandler                         
00000fb3  EUSCIA3_IRQHandler                         
00000fb3  EUSCIB0_IRQHandler                         
00000fb3  EUSCIB1_IRQHandler                         
00000fb3  EUSCIB2_IRQHandler                         
00000fb3  EUSCIB3_IRQHandler                         
00000fb3  FLCTL_IRQHandler                           
00000fb3  FPU_IRQHandler                             
00001721  GPIO_setAsPeripheralModuleFunctionOutputPin
00000fb3  HardFault_Handler                          
00001ec9  I2C_clearInterruptFlag                     
00001edf  I2C_disableModule                          
00001ef5  I2C_enableModule                           
00001e4f  I2C_getInterruptStatus                     
00001dc1  I2C_init                                   
000019cd  I2C_initMaster                             
00001e69  I2C_isBusBusy                              
00001c1d  I2C_masterReceiveMultiByteFinish           
00001f0b  I2C_masterReceiveMultiByteNext             
00001e35  I2C_masterReceiveStart                     
00001891  I2C_masterSendMultiByteFinish              
00001ccd  I2C_masterSendMultiByteNext                
000018fd  I2C_masterSendMultiByteStart               
00001c5d  I2C_masterSendMultiByteStop                
00001609  I2C_read16                                 
00001de1  I2C_setMode                                
00001f1f  I2C_setSlaveAddress                        
00001dfd  I2C_setslave                               
00001b4d  I2C_write16                                
20000080  IFlags                                     
00001e81  Init_I2C_GPIO                              
00001209  Initialize_System                          
00000fb3  MemManage_Handler                          
00000fb3  NMI_Handler                                
00001131  OPT3001_getLux                             
00001f33  OPT3001_init                               
00000fb3  PCM_IRQHandler                             
00001b95  PORT1_IRQHandler                           
00001b95  PORT1_IRQHandler                           
00000fb3  PORT2_IRQHandler                           
00000fb3  PORT3_IRQHandler                           
00000fb3  PORT4_IRQHandler                           
00001571  PORT5_IRQHandler                           
00001571  PORT5_IRQHandler                           
00000fb3  PORT6_IRQHandler                           
00000fb3  PSS_IRQHandler                             
00000fb3  PendSV_Handler                             
2000007c  Postwait                                   
20000074  Prewait                                    
00000fb3  RTC_C_IRQHandler                           
00001f75  Reset_Handler                              
00000fb3  SVC_Handler                                
00001f49  SysTick_Handler                            
00001f49  SysTick_Handler                            
000017a9  SystemInit                                 
00000fb3  T32_INT1_IRQHandler                        
00000fb3  T32_INT2_IRQHandler                        
00000fb3  T32_INTC_IRQHandler                        
00000fb3  TA0_0_IRQHandler                           
00000fb3  TA0_N_IRQHandler                           
00000fb3  TA1_0_IRQHandler                           
00000fb3  TA1_N_IRQHandler                           
00000fb3  TA2_0_IRQHandler                           
00000fb3  TA2_N_IRQHandler                           
00000fb3  TA3_0_IRQHandler                           
00000fb3  TA3_N_IRQHandler                           
00000fb3  UsageFault_Handler                         
4000480c  WDTCTL_SYM                                 
00000fb3  WDT_A_IRQHandler                           
20010000  __STACK_END                                
00000200  __STACK_SIZE                               
00002040  __TI_CINIT_Base                            
00002050  __TI_CINIT_Limit                           
0000202c  __TI_Handler_Table_Base                    
00002038  __TI_Handler_Table_Limit                   
00001bd9  __TI_auto_init_nobinit_nopinit             
00001965  __TI_decompress_lzss                       
00001f59  __TI_decompress_none                       
ffffffff  __TI_pprof_out_hndl                        
ffffffff  __TI_prof_data_size                        
ffffffff  __TI_prof_data_start                       
00000000  __TI_static_base__                         
00001e19  __TI_zero_init_nomemset                    
00001821  __aeabi_d2f                                
00000e07  __aeabi_dadd                               
00000dfd  __aeabi_dsub                               
00001c95  __aeabi_f2d                                
000014d5  __aeabi_memcpy                             
000014d5  __aeabi_memcpy4                            
000014d5  __aeabi_memcpy8                            
ffffffff  __binit__                                  
ffffffff  __c_args__                                 
UNDEFED   __mpu_init                                 
2000fe00  __stack                                    
00001d01  _c_int00_noargs                            
UNDEFED   _system_post_cinit                         
00001f99  _system_pre_init                           
00001f9d  abort                                      
ffffffff  binit                                      
200000c4  bump_data                                  
200000c5  bump_data0                                 
200000c6  bump_data1                                 
200000c7  bump_data2                                 
200000c8  bump_data3                                 
200000c9  bump_data4                                 
200000ca  bump_data5                                 
00001e99  button_S1_pressed                          
2000006d  button_S1_pressed_flag                     
00001eb1  button_S2_pressed                          
2000006e  button_S2_pressed_flag                     
00001695  button_init                                
2000000c  canContinue                                
20000010  currentMove                                
00001f67  delay                                      
000012c1  encoder_init                               
00001f81  get_left_motor_count                       
00001f8d  get_right_motor_count                      
20000004  i                                          
00001fd0  i2cConfig                                  
00000000  interruptVectors                           
200000b8  left_motor_count                           
20000088  left_motor_pwm_config                      
200000c0  lux                                        
000000e5  main                                       
000014d5  memcpy                                     
00001425  motor_init                                 
20000020  move1                                      
20000044  move10                                     
20000048  move11                                     
2000004c  move12                                     
20000050  move13                                     
20000054  move14                                     
20000058  move15                                     
2000005c  move16                                     
20000060  move17                                     
20000064  move18                                     
20000068  move19                                     
20000024  move2                                      
20000028  move3                                      
2000002c  move4                                      
20000030  move5                                      
20000034  move6                                      
20000038  move7                                      
2000003c  move8                                      
20000040  move9                                      
20000018  moveToMake                                 
200000bc  right_motor_count                          
200000a0  right_motor_pwm_config                     
20000008  robotSpeed                                 
00001d35  set_left_motor_direction                   
00001a31  set_left_motor_pwm                         
00001d65  set_right_motor_direction                  
00001a91  set_right_motor_pwm                        
2000001c  squareDistance                             
2000006c  state                                      
20000000  tick                                       
20000014  whichTurn                                  


GLOBAL SYMBOLS: SORTED BY Symbol Address 

address   name                                       
-------   ----                                       
00000000  __TI_static_base__                         
00000000  interruptVectors                           
000000e5  main                                       
00000200  __STACK_SIZE                               
00000dfd  __aeabi_dsub                               
00000e07  __aeabi_dadd                               
00000fb3  ADC14_IRQHandler                           
00000fb3  AES256_IRQHandler                          
00000fb3  BusFault_Handler                           
00000fb3  COMP_E0_IRQHandler                         
00000fb3  COMP_E1_IRQHandler                         
00000fb3  CS_IRQHandler                              
00000fb3  DMA_ERR_IRQHandler                         
00000fb3  DMA_INT0_IRQHandler                        
00000fb3  DMA_INT1_IRQHandler                        
00000fb3  DMA_INT2_IRQHandler                        
00000fb3  DMA_INT3_IRQHandler                        
00000fb3  DebugMon_Handler                           
00000fb3  Default_Handler                            
00000fb3  EUSCIA0_IRQHandler                         
00000fb3  EUSCIA1_IRQHandler                         
00000fb3  EUSCIA2_IRQHandler                         
00000fb3  EUSCIA3_IRQHandler                         
00000fb3  EUSCIB0_IRQHandler                         
00000fb3  EUSCIB1_IRQHandler                         
00000fb3  EUSCIB2_IRQHandler                         
00000fb3  EUSCIB3_IRQHandler                         
00000fb3  FLCTL_IRQHandler                           
00000fb3  FPU_IRQHandler                             
00000fb3  HardFault_Handler                          
00000fb3  MemManage_Handler                          
00000fb3  NMI_Handler                                
00000fb3  PCM_IRQHandler                             
00000fb3  PORT2_IRQHandler                           
00000fb3  PORT3_IRQHandler                           
00000fb3  PORT4_IRQHandler                           
00000fb3  PORT6_IRQHandler                           
00000fb3  PSS_IRQHandler                             
00000fb3  PendSV_Handler                             
00000fb3  RTC_C_IRQHandler                           
00000fb3  SVC_Handler                                
00000fb3  T32_INT1_IRQHandler                        
00000fb3  T32_INT2_IRQHandler                        
00000fb3  T32_INTC_IRQHandler                        
00000fb3  TA0_0_IRQHandler                           
00000fb3  TA0_N_IRQHandler                           
00000fb3  TA1_0_IRQHandler                           
00000fb3  TA1_N_IRQHandler                           
00000fb3  TA2_0_IRQHandler                           
00000fb3  TA2_N_IRQHandler                           
00000fb3  TA3_0_IRQHandler                           
00000fb3  TA3_N_IRQHandler                           
00000fb3  UsageFault_Handler                         
00000fb3  WDT_A_IRQHandler                           
00000fb5  Clock_Init48MHz                            
00001131  OPT3001_getLux                             
00001209  Initialize_System                          
000012c1  encoder_init                               
00001375  Bump_Read                                  
00001425  motor_init                                 
000014d5  __aeabi_memcpy                             
000014d5  __aeabi_memcpy4                            
000014d5  __aeabi_memcpy8                            
000014d5  memcpy                                     
00001571  PORT5_IRQHandler                           
00001571  PORT5_IRQHandler                           
00001609  I2C_read16                                 
00001695  button_init                                
00001721  GPIO_setAsPeripheralModuleFunctionOutputPin
000017a9  SystemInit                                 
00001821  __aeabi_d2f                                
00001891  I2C_masterSendMultiByteFinish              
000018fd  I2C_masterSendMultiByteStart               
00001965  __TI_decompress_lzss                       
000019cd  I2C_initMaster                             
00001a31  set_left_motor_pwm                         
00001a91  set_right_motor_pwm                        
00001af1  Bump_Init                                  
00001b4d  I2C_write16                                
00001b95  PORT1_IRQHandler                           
00001b95  PORT1_IRQHandler                           
00001bd9  __TI_auto_init_nobinit_nopinit             
00001c1d  I2C_masterReceiveMultiByteFinish           
00001c5d  I2C_masterSendMultiByteStop                
00001c95  __aeabi_f2d                                
00001ccd  I2C_masterSendMultiByteNext                
00001d01  _c_int00_noargs                            
00001d35  set_left_motor_direction                   
00001d65  set_right_motor_direction                  
00001d95  Clock_Delay1ms                             
00001dc1  I2C_init                                   
00001de1  I2C_setMode                                
00001dfd  I2C_setslave                               
00001e19  __TI_zero_init_nomemset                    
00001e35  I2C_masterReceiveStart                     
00001e4f  I2C_getInterruptStatus                     
00001e69  I2C_isBusBusy                              
00001e81  Init_I2C_GPIO                              
00001e99  button_S1_pressed                          
00001eb1  button_S2_pressed                          
00001ec9  I2C_clearInterruptFlag                     
00001edf  I2C_disableModule                          
00001ef5  I2C_enableModule                           
00001f0b  I2C_masterReceiveMultiByteNext             
00001f1f  I2C_setSlaveAddress                        
00001f33  OPT3001_init                               
00001f49  SysTick_Handler                            
00001f49  SysTick_Handler                            
00001f59  __TI_decompress_none                       
00001f67  delay                                      
00001f75  Reset_Handler                              
00001f81  get_left_motor_count                       
00001f8d  get_right_motor_count                      
00001f99  _system_pre_init                           
00001f9d  C$$EXIT                                    
00001f9d  abort                                      
00001fd0  i2cConfig                                  
0000202c  __TI_Handler_Table_Base                    
00002038  __TI_Handler_Table_Limit                   
00002040  __TI_CINIT_Base                            
00002050  __TI_CINIT_Limit                           
20000000  tick                                       
20000004  i                                          
20000008  robotSpeed                                 
2000000c  canContinue                                
20000010  currentMove                                
20000014  whichTurn                                  
20000018  moveToMake                                 
2000001c  squareDistance                             
20000020  move1                                      
20000024  move2                                      
20000028  move3                                      
2000002c  move4                                      
20000030  move5                                      
20000034  move6                                      
20000038  move7                                      
2000003c  move8                                      
20000040  move9                                      
20000044  move10                                     
20000048  move11                                     
2000004c  move12                                     
20000050  move13                                     
20000054  move14                                     
20000058  move15                                     
2000005c  move16                                     
20000060  move17                                     
20000064  move18                                     
20000068  move19                                     
2000006c  state                                      
2000006d  button_S1_pressed_flag                     
2000006e  button_S2_pressed_flag                     
20000070  ClockFrequency                             
20000074  Prewait                                    
20000078  CPMwait                                    
2000007c  Postwait                                   
20000080  IFlags                                     
20000084  Crystalstable                              
20000088  left_motor_pwm_config                      
200000a0  right_motor_pwm_config                     
200000b8  left_motor_count                           
200000bc  right_motor_count                          
200000c0  lux                                        
200000c4  bump_data                                  
200000c5  bump_data0                                 
200000c6  bump_data1                                 
200000c7  bump_data2                                 
200000c8  bump_data3                                 
200000c9  bump_data4                                 
200000ca  bump_data5                                 
2000fe00  __stack                                    
20010000  __STACK_END                                
4000480c  WDTCTL_SYM                                 
ffffffff  __TI_pprof_out_hndl                        
ffffffff  __TI_prof_data_size                        
ffffffff  __TI_prof_data_start                       
ffffffff  __binit__                                  
ffffffff  __c_args__                                 
ffffffff  binit                                      
UNDEFED   __mpu_init                                 
UNDEFED   _system_post_cinit                         

[180 symbols]
