<?xml version="1.0" encoding="ISO-8859-1" ?>
<link_info>
   <banner>TI ARM Linker PC v18.12.2.LTS</banner>
   <copyright>Copyright (c) 1996-2018 Texas Instruments Incorporated</copyright>
   <link_time>0x5dd176fa</link_time>
   <link_errors>0x0</link_errors>
   <output_file>Lab9.out</output_file>
   <entry_point>
      <name>_c_int00_noargs</name>
      <address>0x1d01</address>
   </entry_point>
   <input_file_list>
      <input_file id="fl-2">
         <path>.\</path>
         <kind>object</kind>
         <file>main.obj</file>
         <name>main.obj</name>
      </input_file>
      <input_file id="fl-3">
         <path>.\</path>
         <kind>object</kind>
         <file>system_msp432p401r.obj</file>
         <name>system_msp432p401r.obj</name>
      </input_file>
      <input_file id="fl-4">
         <path>.\Library\</path>
         <kind>object</kind>
         <file>Bump.obj</file>
         <name>Bump.obj</name>
      </input_file>
      <input_file id="fl-5">
         <path>.\Library\</path>
         <kind>object</kind>
         <file>Button.obj</file>
         <name>Button.obj</name>
      </input_file>
      <input_file id="fl-6">
         <path>.\Library\</path>
         <kind>object</kind>
         <file>Clock.obj</file>
         <name>Clock.obj</name>
      </input_file>
      <input_file id="fl-7">
         <path>.\Library\</path>
         <kind>object</kind>
         <file>Encoder.obj</file>
         <name>Encoder.obj</name>
      </input_file>
      <input_file id="fl-8">
         <path>.\Library\</path>
         <kind>object</kind>
         <file>HAL_I2C.obj</file>
         <name>HAL_I2C.obj</name>
      </input_file>
      <input_file id="fl-9">
         <path>.\Library\</path>
         <kind>object</kind>
         <file>HAL_OPT3001.obj</file>
         <name>HAL_OPT3001.obj</name>
      </input_file>
      <input_file id="fl-a">
         <path>.\Library\</path>
         <kind>object</kind>
         <file>Motor.obj</file>
         <name>Motor.obj</name>
      </input_file>
      <input_file id="fl-b">
         <path>.\Library\</path>
         <kind>object</kind>
         <file>Reflectance.obj</file>
         <name>Reflectance.obj</name>
      </input_file>
      <input_file id="fl-c">
         <path>.\ccs\</path>
         <kind>object</kind>
         <file>startup_msp432p401r_ccs.obj</file>
         <name>startup_msp432p401r_ccs.obj</name>
      </input_file>
      <input_file id="fl-16">
         <kind>object</kind>
         <file>&lt;internal&gt;</file>
         <name>&lt;internal&gt;</name>
      </input_file>
      <input_file id="fl-17">
         <path>C:\ti\simplelink_msp432p4_sdk_3_30_00_13\source\ti\devices\msp432p4xx\driverlib\ccs\</path>
         <kind>archive</kind>
         <file>msp432p4xx_driverlib.lib</file>
         <name>gpio.o</name>
      </input_file>
      <input_file id="fl-18">
         <path>C:\ti\simplelink_msp432p4_sdk_3_30_00_13\source\ti\devices\msp432p4xx\driverlib\ccs\</path>
         <kind>archive</kind>
         <file>msp432p4xx_driverlib.lib</file>
         <name>i2c.o</name>
      </input_file>
      <input_file id="fl-19">
         <path>C:\ti\simplelink_msp432p4_sdk_3_30_00_13\source\ti\devices\msp432p4xx\driverlib\ccs\</path>
         <kind>archive</kind>
         <file>msp432p4xx_driverlib.lib</file>
         <name>interrupt.o</name>
      </input_file>
      <input_file id="fl-1a">
         <path>C:\ti\simplelink_msp432p4_sdk_3_30_00_13\source\ti\devices\msp432p4xx\driverlib\ccs\</path>
         <kind>archive</kind>
         <file>msp432p4xx_driverlib.lib</file>
         <name>cpu.o</name>
      </input_file>
      <input_file id="fl-d0">
         <path>C:\ti\ccs910\ccs\tools\compiler\ti-cgt-arm_18.12.2.LTS\lib\</path>
         <kind>archive</kind>
         <file>rtsv7M4_T_le_v4SPD16_eabi.lib</file>
         <name>fd_add_t2.asm.obj</name>
      </input_file>
      <input_file id="fl-d1">
         <path>C:\ti\ccs910\ccs\tools\compiler\ti-cgt-arm_18.12.2.LTS\lib\</path>
         <kind>archive</kind>
         <file>rtsv7M4_T_le_v4SPD16_eabi.lib</file>
         <name>fd_cmp_t2.asm.obj</name>
      </input_file>
      <input_file id="fl-d2">
         <path>C:\ti\ccs910\ccs\tools\compiler\ti-cgt-arm_18.12.2.LTS\lib\</path>
         <kind>archive</kind>
         <file>rtsv7M4_T_le_v4SPD16_eabi.lib</file>
         <name>fd_div_t2.asm.obj</name>
      </input_file>
      <input_file id="fl-d3">
         <path>C:\ti\ccs910\ccs\tools\compiler\ti-cgt-arm_18.12.2.LTS\lib\</path>
         <kind>archive</kind>
         <file>rtsv7M4_T_le_v4SPD16_eabi.lib</file>
         <name>fd_toi_t2.asm.obj</name>
      </input_file>
      <input_file id="fl-d4">
         <path>C:\ti\ccs910\ccs\tools\compiler\ti-cgt-arm_18.12.2.LTS\lib\</path>
         <kind>archive</kind>
         <file>rtsv7M4_T_le_v4SPD16_eabi.lib</file>
         <name>fd_tos_t2.asm.obj</name>
      </input_file>
      <input_file id="fl-d5">
         <path>C:\ti\ccs910\ccs\tools\compiler\ti-cgt-arm_18.12.2.LTS\lib\</path>
         <kind>archive</kind>
         <file>rtsv7M4_T_le_v4SPD16_eabi.lib</file>
         <name>fs_tod_t2.asm.obj</name>
      </input_file>
      <input_file id="fl-d6">
         <path>C:\ti\ccs910\ccs\tools\compiler\ti-cgt-arm_18.12.2.LTS\lib\</path>
         <kind>archive</kind>
         <file>rtsv7M4_T_le_v4SPD16_eabi.lib</file>
         <name>i_tofd_t2.asm.obj</name>
      </input_file>
      <input_file id="fl-d7">
         <path>C:\ti\ccs910\ccs\tools\compiler\ti-cgt-arm_18.12.2.LTS\lib\</path>
         <kind>archive</kind>
         <file>rtsv7M4_T_le_v4SPD16_eabi.lib</file>
         <name>copy_zero_init.c.obj</name>
      </input_file>
      <input_file id="fl-d8">
         <path>C:\ti\ccs910\ccs\tools\compiler\ti-cgt-arm_18.12.2.LTS\lib\</path>
         <kind>archive</kind>
         <file>rtsv7M4_T_le_v4SPD16_eabi.lib</file>
         <name>copy_decompress_none.c.obj</name>
      </input_file>
      <input_file id="fl-d9">
         <path>C:\ti\ccs910\ccs\tools\compiler\ti-cgt-arm_18.12.2.LTS\lib\</path>
         <kind>archive</kind>
         <file>rtsv7M4_T_le_v4SPD16_eabi.lib</file>
         <name>copy_decompress_lzss.c.obj</name>
      </input_file>
      <input_file id="fl-da">
         <path>C:\ti\ccs910\ccs\tools\compiler\ti-cgt-arm_18.12.2.LTS\lib\</path>
         <kind>archive</kind>
         <file>rtsv7M4_T_le_v4SPD16_eabi.lib</file>
         <name>boot_cortex_m.c.obj</name>
      </input_file>
      <input_file id="fl-db">
         <path>C:\ti\ccs910\ccs\tools\compiler\ti-cgt-arm_18.12.2.LTS\lib\</path>
         <kind>archive</kind>
         <file>rtsv7M4_T_le_v4SPD16_eabi.lib</file>
         <name>memset_t2.asm.obj</name>
      </input_file>
      <input_file id="fl-dc">
         <path>C:\ti\ccs910\ccs\tools\compiler\ti-cgt-arm_18.12.2.LTS\lib\</path>
         <kind>archive</kind>
         <file>rtsv7M4_T_le_v4SPD16_eabi.lib</file>
         <name>memcpy_t2.asm.obj</name>
      </input_file>
      <input_file id="fl-dd">
         <path>C:\ti\ccs910\ccs\tools\compiler\ti-cgt-arm_18.12.2.LTS\lib\</path>
         <kind>archive</kind>
         <file>rtsv7M4_T_le_v4SPD16_eabi.lib</file>
         <name>autoinit.c.obj</name>
      </input_file>
      <input_file id="fl-de">
         <path>C:\ti\ccs910\ccs\tools\compiler\ti-cgt-arm_18.12.2.LTS\lib\</path>
         <kind>archive</kind>
         <file>rtsv7M4_T_le_v4SPD16_eabi.lib</file>
         <name>pre_init.c.obj</name>
      </input_file>
      <input_file id="fl-df">
         <path>C:\ti\ccs910\ccs\tools\compiler\ti-cgt-arm_18.12.2.LTS\lib\</path>
         <kind>archive</kind>
         <file>rtsv7M4_T_le_v4SPD16_eabi.lib</file>
         <name>cpy_tbl.c.obj</name>
      </input_file>
      <input_file id="fl-e0">
         <path>C:\ti\ccs910\ccs\tools\compiler\ti-cgt-arm_18.12.2.LTS\lib\</path>
         <kind>archive</kind>
         <file>rtsv7M4_T_le_v4SPD16_eabi.lib</file>
         <name>exit.c.obj</name>
      </input_file>
      <input_file id="fl-e1">
         <path>C:\ti\ccs910\ccs\tools\compiler\ti-cgt-arm_18.12.2.LTS\lib\</path>
         <kind>archive</kind>
         <file>rtsv7M4_T_le_v4SPD16_eabi.lib</file>
         <name>_lock.c.obj</name>
      </input_file>
      <input_file id="fl-e2">
         <path>C:\ti\ccs910\ccs\tools\compiler\ti-cgt-arm_18.12.2.LTS\lib\</path>
         <kind>archive</kind>
         <file>rtsv7M4_T_le_v4SPD16_eabi.lib</file>
         <name>args_main.c.obj</name>
      </input_file>
   </input_file_list>
   <object_component_list>
      <object_component id="oc-23">
         <name>.intvecs:retain</name>
         <load_address>0x0</load_address>
         <run_address>0x0</run_address>
         <size>0xe4</size>
         <input_file_ref idref="fl-c"/>
      </object_component>
      <object_component id="oc-a8">
         <name>.text:main</name>
         <load_address>0xe4</load_address>
         <run_address>0xe4</run_address>
         <size>0xd18</size>
         <input_file_ref idref="fl-2"/>
      </object_component>
      <object_component id="oc-13b">
         <name>.text</name>
         <load_address>0xdfc</load_address>
         <run_address>0xdfc</run_address>
         <size>0x1b6</size>
         <input_file_ref idref="fl-d0"/>
      </object_component>
      <object_component id="oc-6a">
         <name>.text:Default_Handler</name>
         <load_address>0xfb2</load_address>
         <run_address>0xfb2</run_address>
         <size>0x2</size>
         <input_file_ref idref="fl-c"/>
      </object_component>
      <object_component id="oc-1a0">
         <name>.text:Clock_Init48MHz</name>
         <load_address>0xfb4</load_address>
         <run_address>0xfb4</run_address>
         <size>0x17c</size>
         <input_file_ref idref="fl-6"/>
      </object_component>
      <object_component id="oc-102">
         <name>.text:OPT3001_getLux</name>
         <load_address>0x1130</load_address>
         <run_address>0x1130</run_address>
         <size>0xd8</size>
         <input_file_ref idref="fl-9"/>
      </object_component>
      <object_component id="oc-ea">
         <name>.text:Initialize_System</name>
         <load_address>0x1208</load_address>
         <run_address>0x1208</run_address>
         <size>0xb8</size>
         <input_file_ref idref="fl-2"/>
      </object_component>
      <object_component id="oc-1b2">
         <name>.text:encoder_init</name>
         <load_address>0x12c0</load_address>
         <run_address>0x12c0</run_address>
         <size>0xb4</size>
         <input_file_ref idref="fl-7"/>
      </object_component>
      <object_component id="oc-fc">
         <name>.text:Bump_Read</name>
         <load_address>0x1374</load_address>
         <run_address>0x1374</run_address>
         <size>0xb0</size>
         <input_file_ref idref="fl-4"/>
      </object_component>
      <object_component id="oc-1ac">
         <name>.text:motor_init</name>
         <load_address>0x1424</load_address>
         <run_address>0x1424</run_address>
         <size>0xb0</size>
         <input_file_ref idref="fl-a"/>
      </object_component>
      <object_component id="oc-34">
         <name>.text</name>
         <load_address>0x14d4</load_address>
         <run_address>0x14d4</run_address>
         <size>0x9c</size>
         <input_file_ref idref="fl-dc"/>
      </object_component>
      <object_component id="oc-7c">
         <name>.text:PORT5_IRQHandler</name>
         <load_address>0x1570</load_address>
         <run_address>0x1570</run_address>
         <size>0x98</size>
         <input_file_ref idref="fl-7"/>
      </object_component>
      <object_component id="oc-1e0">
         <name>.text:I2C_read16</name>
         <load_address>0x1608</load_address>
         <run_address>0x1608</run_address>
         <size>0x8c</size>
         <input_file_ref idref="fl-8"/>
      </object_component>
      <object_component id="oc-1b8">
         <name>.text:button_init</name>
         <load_address>0x1694</load_address>
         <run_address>0x1694</run_address>
         <size>0x8c</size>
         <input_file_ref idref="fl-5"/>
      </object_component>
      <object_component id="oc-22b">
         <name>.text:GPIO_setAsPeripheralModuleFunctionOutputPin</name>
         <load_address>0x1720</load_address>
         <run_address>0x1720</run_address>
         <size>0x88</size>
         <input_file_ref idref="fl-17"/>
      </object_component>
      <object_component id="oc-ba">
         <name>.text:SystemInit</name>
         <load_address>0x17a8</load_address>
         <run_address>0x17a8</run_address>
         <size>0x78</size>
         <input_file_ref idref="fl-3"/>
      </object_component>
      <object_component id="oc-140">
         <name>.text</name>
         <load_address>0x1820</load_address>
         <run_address>0x1820</run_address>
         <size>0x6e</size>
         <input_file_ref idref="fl-d4"/>
      </object_component>
      <object_component id="oc-2d0">
         <name>.text:I2C_masterSendMultiByteFinish</name>
         <load_address>0x1890</load_address>
         <run_address>0x1890</run_address>
         <size>0x6c</size>
         <input_file_ref idref="fl-18"/>
      </object_component>
      <object_component id="oc-271">
         <name>.text:I2C_masterSendMultiByteStart</name>
         <load_address>0x18fc</load_address>
         <run_address>0x18fc</run_address>
         <size>0x68</size>
         <input_file_ref idref="fl-18"/>
      </object_component>
      <object_component id="oc-14">
         <name>.text:decompress:lzss:__TI_decompress_lzss</name>
         <load_address>0x1964</load_address>
         <run_address>0x1964</run_address>
         <size>0x68</size>
         <input_file_ref idref="fl-d9"/>
      </object_component>
      <object_component id="oc-232">
         <name>.text:I2C_initMaster</name>
         <load_address>0x19cc</load_address>
         <run_address>0x19cc</run_address>
         <size>0x62</size>
         <input_file_ref idref="fl-18"/>
      </object_component>
      <object_component id="oc-f0">
         <name>.text:set_left_motor_pwm</name>
         <load_address>0x1a30</load_address>
         <run_address>0x1a30</run_address>
         <size>0x60</size>
         <input_file_ref idref="fl-a"/>
      </object_component>
      <object_component id="oc-f6">
         <name>.text:set_right_motor_pwm</name>
         <load_address>0x1a90</load_address>
         <run_address>0x1a90</run_address>
         <size>0x60</size>
         <input_file_ref idref="fl-a"/>
      </object_component>
      <object_component id="oc-1a6">
         <name>.text:Bump_Init</name>
         <load_address>0x1af0</load_address>
         <run_address>0x1af0</run_address>
         <size>0x5c</size>
         <input_file_ref idref="fl-4"/>
      </object_component>
      <object_component id="oc-248">
         <name>.text:I2C_write16</name>
         <load_address>0x1b4c</load_address>
         <run_address>0x1b4c</run_address>
         <size>0x48</size>
         <input_file_ref idref="fl-8"/>
      </object_component>
      <object_component id="oc-76">
         <name>.text:PORT1_IRQHandler</name>
         <load_address>0x1b94</load_address>
         <run_address>0x1b94</run_address>
         <size>0x44</size>
         <input_file_ref idref="fl-5"/>
      </object_component>
      <object_component id="oc-15d">
         <name>.text:__TI_auto_init_nobinit_nopinit:__TI_auto_init_nobinit_nopinit</name>
         <load_address>0x1bd8</load_address>
         <run_address>0x1bd8</run_address>
         <size>0x44</size>
         <input_file_ref idref="fl-dd"/>
      </object_component>
      <object_component id="oc-28f">
         <name>.text:I2C_masterReceiveMultiByteFinish</name>
         <load_address>0x1c1c</load_address>
         <run_address>0x1c1c</run_address>
         <size>0x40</size>
         <input_file_ref idref="fl-18"/>
      </object_component>
      <object_component id="oc-27d">
         <name>.text:I2C_masterSendMultiByteStop</name>
         <load_address>0x1c5c</load_address>
         <run_address>0x1c5c</run_address>
         <size>0x38</size>
         <input_file_ref idref="fl-18"/>
      </object_component>
      <object_component id="oc-136">
         <name>.text</name>
         <load_address>0x1c94</load_address>
         <run_address>0x1c94</run_address>
         <size>0x38</size>
         <input_file_ref idref="fl-d5"/>
      </object_component>
      <object_component id="oc-2ca">
         <name>.text:I2C_masterSendMultiByteNext</name>
         <load_address>0x1ccc</load_address>
         <run_address>0x1ccc</run_address>
         <size>0x34</size>
         <input_file_ref idref="fl-18"/>
      </object_component>
      <object_component id="oc-52">
         <name>.text:_c_int00_noargs:_c_int00_noargs</name>
         <load_address>0x1d00</load_address>
         <run_address>0x1d00</run_address>
         <size>0x34</size>
         <input_file_ref idref="fl-da"/>
      </object_component>
      <object_component id="oc-12a">
         <name>.text:set_left_motor_direction</name>
         <load_address>0x1d34</load_address>
         <run_address>0x1d34</run_address>
         <size>0x30</size>
         <input_file_ref idref="fl-a"/>
      </object_component>
      <object_component id="oc-130">
         <name>.text:set_right_motor_direction</name>
         <load_address>0x1d64</load_address>
         <run_address>0x1d64</run_address>
         <size>0x30</size>
         <input_file_ref idref="fl-a"/>
      </object_component>
      <object_component id="oc-145">
         <name>.text:Clock_Delay1ms</name>
         <load_address>0x1d94</load_address>
         <run_address>0x1d94</run_address>
         <size>0x2c</size>
         <input_file_ref idref="fl-6"/>
      </object_component>
      <object_component id="oc-1c4">
         <name>.text:I2C_init</name>
         <load_address>0x1dc0</load_address>
         <run_address>0x1dc0</run_address>
         <size>0x20</size>
         <input_file_ref idref="fl-8"/>
      </object_component>
      <object_component id="oc-265">
         <name>.text:I2C_setMode</name>
         <load_address>0x1de0</load_address>
         <run_address>0x1de0</run_address>
         <size>0x1c</size>
         <input_file_ref idref="fl-18"/>
      </object_component>
      <object_component id="oc-1da">
         <name>.text:I2C_setslave</name>
         <load_address>0x1dfc</load_address>
         <run_address>0x1dfc</run_address>
         <size>0x1c</size>
         <input_file_ref idref="fl-8"/>
      </object_component>
      <object_component id="oc-40">
         <name>.text:decompress:ZI:__TI_zero_init_nomemset:__TI_zero_init_nomemset</name>
         <load_address>0x1e18</load_address>
         <run_address>0x1e18</run_address>
         <size>0x1c</size>
         <input_file_ref idref="fl-d7"/>
      </object_component>
      <object_component id="oc-283">
         <name>.text:I2C_masterReceiveStart</name>
         <load_address>0x1e34</load_address>
         <run_address>0x1e34</run_address>
         <size>0x1a</size>
         <input_file_ref idref="fl-18"/>
      </object_component>
      <object_component id="oc-277">
         <name>.text:I2C_getInterruptStatus</name>
         <load_address>0x1e4e</load_address>
         <run_address>0x1e4e</run_address>
         <size>0x18</size>
         <input_file_ref idref="fl-18"/>
      </object_component>
      <object_component id="oc-26b">
         <name>.text:I2C_isBusBusy</name>
         <load_address>0x1e68</load_address>
         <run_address>0x1e68</run_address>
         <size>0x18</size>
         <input_file_ref idref="fl-18"/>
      </object_component>
      <object_component id="oc-1be">
         <name>.text:Init_I2C_GPIO</name>
         <load_address>0x1e80</load_address>
         <run_address>0x1e80</run_address>
         <size>0x18</size>
         <input_file_ref idref="fl-8"/>
      </object_component>
      <object_component id="oc-10e">
         <name>.text:button_S1_pressed</name>
         <load_address>0x1e98</load_address>
         <run_address>0x1e98</run_address>
         <size>0x18</size>
         <input_file_ref idref="fl-5"/>
      </object_component>
      <object_component id="oc-108">
         <name>.text:button_S2_pressed</name>
         <load_address>0x1eb0</load_address>
         <run_address>0x1eb0</run_address>
         <size>0x18</size>
         <input_file_ref idref="fl-5"/>
      </object_component>
      <object_component id="oc-25e">
         <name>.text:I2C_clearInterruptFlag</name>
         <load_address>0x1ec8</load_address>
         <run_address>0x1ec8</run_address>
         <size>0x16</size>
         <input_file_ref idref="fl-18"/>
      </object_component>
      <object_component id="oc-238">
         <name>.text:I2C_disableModule</name>
         <load_address>0x1ede</load_address>
         <run_address>0x1ede</run_address>
         <size>0x16</size>
         <input_file_ref idref="fl-18"/>
      </object_component>
      <object_component id="oc-23e">
         <name>.text:I2C_enableModule</name>
         <load_address>0x1ef4</load_address>
         <run_address>0x1ef4</run_address>
         <size>0x16</size>
         <input_file_ref idref="fl-18"/>
      </object_component>
      <object_component id="oc-289">
         <name>.text:I2C_masterReceiveMultiByteNext</name>
         <load_address>0x1f0a</load_address>
         <run_address>0x1f0a</run_address>
         <size>0x14</size>
         <input_file_ref idref="fl-18"/>
      </object_component>
      <object_component id="oc-258">
         <name>.text:I2C_setSlaveAddress</name>
         <load_address>0x1f1e</load_address>
         <run_address>0x1f1e</run_address>
         <size>0x14</size>
         <input_file_ref idref="fl-18"/>
      </object_component>
      <object_component id="oc-1ca">
         <name>.text:OPT3001_init</name>
         <load_address>0x1f32</load_address>
         <run_address>0x1f32</run_address>
         <size>0x14</size>
         <input_file_ref idref="fl-9"/>
      </object_component>
      <object_component id="oc-70">
         <name>.text:SysTick_Handler</name>
         <load_address>0x1f48</load_address>
         <run_address>0x1f48</run_address>
         <size>0x10</size>
         <input_file_ref idref="fl-2"/>
      </object_component>
      <object_component id="oc-1a">
         <name>.text:decompress:none:__TI_decompress_none</name>
         <load_address>0x1f58</load_address>
         <run_address>0x1f58</run_address>
         <size>0xe</size>
         <input_file_ref idref="fl-d8"/>
      </object_component>
      <object_component id="oc-1fc">
         <name>.text:delay</name>
         <load_address>0x1f66</load_address>
         <run_address>0x1f66</run_address>
         <size>0xe</size>
         <input_file_ref idref="fl-6"/>
      </object_component>
      <object_component id="oc-64">
         <name>.text:Reset_Handler</name>
         <load_address>0x1f74</load_address>
         <run_address>0x1f74</run_address>
         <size>0xc</size>
         <input_file_ref idref="fl-c"/>
      </object_component>
      <object_component id="oc-11e">
         <name>.text:get_left_motor_count</name>
         <load_address>0x1f80</load_address>
         <run_address>0x1f80</run_address>
         <size>0xc</size>
         <input_file_ref idref="fl-7"/>
      </object_component>
      <object_component id="oc-124">
         <name>.text:get_right_motor_count</name>
         <load_address>0x1f8c</load_address>
         <run_address>0x1f8c</run_address>
         <size>0xc</size>
         <input_file_ref idref="fl-7"/>
      </object_component>
      <object_component id="oc-a2">
         <name>.text:_system_pre_init</name>
         <load_address>0x1f98</load_address>
         <run_address>0x1f98</run_address>
         <size>0x4</size>
         <input_file_ref idref="fl-de"/>
      </object_component>
      <object_component id="oc-151">
         <name>.text:abort:abort</name>
         <load_address>0x1f9c</load_address>
         <run_address>0x1f9c</run_address>
         <size>0x4</size>
         <input_file_ref idref="fl-e0"/>
      </object_component>
      <object_component id="oc-2ba">
         <name>.const:GPIO_PORT_TO_BASE</name>
         <load_address>0x1fa0</load_address>
         <run_address>0x1fa0</run_address>
         <size>0x30</size>
         <input_file_ref idref="fl-17"/>
      </object_component>
      <object_component id="oc-244">
         <name>.const:i2cConfig</name>
         <load_address>0x1fd0</load_address>
         <run_address>0x1fd0</run_address>
         <size>0x14</size>
         <input_file_ref idref="fl-8"/>
      </object_component>
      <object_component id="oc-334">
         <name>.cinit..data.load</name>
         <load_address>0x1fe8</load_address>
         <run_address>0x1fe8</run_address>
         <size>0x41</size>
      </object_component>
      <object_component id="oc-332">
         <name>__TI_handler_table</name>
         <load_address>0x202c</load_address>
         <run_address>0x202c</run_address>
         <size>0xc</size>
      </object_component>
      <object_component id="oc-335">
         <name>.cinit..bss.load</name>
         <load_address>0x2038</load_address>
         <run_address>0x2038</run_address>
         <size>0x8</size>
      </object_component>
      <object_component id="oc-333">
         <name>__TI_cinit_table</name>
         <load_address>0x2040</load_address>
         <run_address>0x2040</run_address>
         <size>0x10</size>
      </object_component>
      <object_component id="oc-307">
         <name>.binit</name>
         <load_address>0x0</load_address>
         <run_address>0x0</run_address>
         <size>0x0</size>
      </object_component>
      <object_component id="oc-c2">
         <name>.data</name>
         <load_address>0x20000000</load_address>
         <run_address>0x20000000</run_address>
         <size>0x6d</size>
         <input_file_ref idref="fl-2"/>
      </object_component>
      <object_component id="oc-c6">
         <name>.data</name>
         <load_address>0x2000006d</load_address>
         <run_address>0x2000006d</run_address>
         <size>0x2</size>
         <input_file_ref idref="fl-5"/>
      </object_component>
      <object_component id="oc-202">
         <name>.data</name>
         <load_address>0x20000070</load_address>
         <run_address>0x20000070</run_address>
         <size>0x18</size>
         <input_file_ref idref="fl-6"/>
      </object_component>
      <object_component id="oc-cf">
         <name>.data</name>
         <load_address>0x200000b8</load_address>
         <run_address>0x200000b8</run_address>
         <size>0x8</size>
         <input_file_ref idref="fl-7"/>
      </object_component>
      <object_component id="oc-1d5">
         <name>.data:right_motor_pwm_config</name>
         <load_address>0x200000a0</load_address>
         <run_address>0x200000a0</run_address>
         <size>0x18</size>
         <input_file_ref idref="fl-a"/>
      </object_component>
      <object_component id="oc-1d1">
         <name>.data:left_motor_pwm_config</name>
         <load_address>0x20000088</load_address>
         <run_address>0x20000088</run_address>
         <size>0x18</size>
         <input_file_ref idref="fl-a"/>
      </object_component>
      <object_component id="oc-114">
         <name>.common:bump_data</name>
         <uninitialized>true</uninitialized>
         <run_address>0x200000c4</run_address>
         <size>0x1</size>
      </object_component>
      <object_component id="oc-117">
         <name>.common:bump_data0</name>
         <uninitialized>true</uninitialized>
         <run_address>0x200000c5</run_address>
         <size>0x1</size>
      </object_component>
      <object_component id="oc-118">
         <name>.common:bump_data1</name>
         <uninitialized>true</uninitialized>
         <run_address>0x200000c6</run_address>
         <size>0x1</size>
      </object_component>
      <object_component id="oc-119">
         <name>.common:bump_data2</name>
         <uninitialized>true</uninitialized>
         <run_address>0x200000c7</run_address>
         <size>0x1</size>
      </object_component>
      <object_component id="oc-11a">
         <name>.common:bump_data3</name>
         <uninitialized>true</uninitialized>
         <run_address>0x200000c8</run_address>
         <size>0x1</size>
      </object_component>
      <object_component id="oc-11b">
         <name>.common:bump_data4</name>
         <uninitialized>true</uninitialized>
         <run_address>0x200000c9</run_address>
         <size>0x1</size>
      </object_component>
      <object_component id="oc-11c">
         <name>.common:bump_data5</name>
         <uninitialized>true</uninitialized>
         <run_address>0x200000ca</run_address>
         <size>0x1</size>
      </object_component>
      <object_component id="oc-11d">
         <name>.common:lux</name>
         <uninitialized>true</uninitialized>
         <run_address>0x200000c0</run_address>
         <size>0x4</size>
      </object_component>
      <object_component id="oc-26">
         <name>.stack</name>
         <uninitialized>true</uninitialized>
         <run_address>0x2000fe00</run_address>
         <size>0x4</size>
         <input_file_ref idref="fl-da"/>
      </object_component>
      <object_component id="oc-336">
         <name>.stack</name>
         <uninitialized>true</uninitialized>
         <run_address>0x2000fe00</run_address>
         <size>0x0</size>
      </object_component>
      <object_component id="oc-115">
         <name>.debug_info</name>
         <load_address>0x0</load_address>
         <run_address>0x0</run_address>
         <size>0x9d3</size>
         <input_file_ref idref="fl-2"/>
      </object_component>
      <object_component id="oc-c3">
         <name>.debug_info</name>
         <load_address>0x9d3</load_address>
         <run_address>0x9d3</run_address>
         <size>0x40e</size>
         <input_file_ref idref="fl-2"/>
      </object_component>
      <object_component id="oc-a9">
         <name>.debug_info</name>
         <load_address>0xde1</load_address>
         <run_address>0xde1</run_address>
         <size>0xdc0</size>
         <input_file_ref idref="fl-2"/>
      </object_component>
      <object_component id="oc-eb">
         <name>.debug_info</name>
         <load_address>0x1ba1</load_address>
         <run_address>0x1ba1</run_address>
         <size>0x209</size>
         <input_file_ref idref="fl-2"/>
      </object_component>
      <object_component id="oc-71">
         <name>.debug_info</name>
         <load_address>0x1daa</load_address>
         <run_address>0x1daa</run_address>
         <size>0x126</size>
         <input_file_ref idref="fl-2"/>
      </object_component>
      <object_component id="oc-192">
         <name>.debug_info</name>
         <load_address>0x1ed0</load_address>
         <run_address>0x1ed0</run_address>
         <size>0x13b</size>
         <input_file_ref idref="fl-2"/>
      </object_component>
      <object_component id="oc-d5">
         <name>.debug_info</name>
         <load_address>0x200b</load_address>
         <run_address>0x200b</run_address>
         <size>0x26b</size>
         <input_file_ref idref="fl-2"/>
      </object_component>
      <object_component id="oc-1f0">
         <name>.debug_info</name>
         <load_address>0x2276</load_address>
         <run_address>0x2276</run_address>
         <size>0x1028</size>
         <input_file_ref idref="fl-2"/>
      </object_component>
      <object_component id="oc-1eb">
         <name>.debug_info</name>
         <load_address>0x329e</load_address>
         <run_address>0x329e</run_address>
         <size>0x37e2</size>
         <input_file_ref idref="fl-2"/>
      </object_component>
      <object_component id="oc-2f5">
         <name>.debug_info</name>
         <load_address>0x6a80</load_address>
         <run_address>0x6a80</run_address>
         <size>0x9a</size>
         <input_file_ref idref="fl-2"/>
      </object_component>
      <object_component id="oc-251">
         <name>.debug_info</name>
         <load_address>0x6b1a</load_address>
         <run_address>0x6b1a</run_address>
         <size>0x341</size>
         <input_file_ref idref="fl-2"/>
      </object_component>
      <object_component id="oc-14c">
         <name>.debug_info</name>
         <load_address>0x6e5b</load_address>
         <run_address>0x6e5b</run_address>
         <size>0x8b</size>
         <input_file_ref idref="fl-2"/>
      </object_component>
      <object_component id="oc-199">
         <name>.debug_info</name>
         <load_address>0x6ee6</load_address>
         <run_address>0x6ee6</run_address>
         <size>0x297</size>
         <input_file_ref idref="fl-2"/>
      </object_component>
      <object_component id="oc-2be">
         <name>.debug_info</name>
         <load_address>0x717d</load_address>
         <run_address>0x717d</run_address>
         <size>0xef</size>
         <input_file_ref idref="fl-2"/>
      </object_component>
      <object_component id="oc-ca">
         <name>.debug_info</name>
         <load_address>0x726c</load_address>
         <run_address>0x726c</run_address>
         <size>0xbb</size>
         <input_file_ref idref="fl-2"/>
      </object_component>
      <object_component id="oc-bb">
         <name>.debug_info</name>
         <load_address>0x7327</load_address>
         <run_address>0x7327</run_address>
         <size>0x146</size>
         <input_file_ref idref="fl-3"/>
      </object_component>
      <object_component id="oc-2f">
         <name>.debug_info</name>
         <load_address>0x746d</load_address>
         <run_address>0x746d</run_address>
         <size>0x84</size>
         <input_file_ref idref="fl-3"/>
      </object_component>
      <object_component id="oc-1a8">
         <name>.debug_info</name>
         <load_address>0x74f1</load_address>
         <run_address>0x74f1</run_address>
         <size>0x159</size>
         <input_file_ref idref="fl-4"/>
      </object_component>
      <object_component id="oc-fd">
         <name>.debug_info</name>
         <load_address>0x764a</load_address>
         <run_address>0x764a</run_address>
         <size>0x173</size>
         <input_file_ref idref="fl-4"/>
      </object_component>
      <object_component id="oc-c7">
         <name>.debug_info</name>
         <load_address>0x77bd</load_address>
         <run_address>0x77bd</run_address>
         <size>0x14e</size>
         <input_file_ref idref="fl-5"/>
      </object_component>
      <object_component id="oc-1b9">
         <name>.debug_info</name>
         <load_address>0x790b</load_address>
         <run_address>0x790b</run_address>
         <size>0x178</size>
         <input_file_ref idref="fl-5"/>
      </object_component>
      <object_component id="oc-110">
         <name>.debug_info</name>
         <load_address>0x7a83</load_address>
         <run_address>0x7a83</run_address>
         <size>0x149</size>
         <input_file_ref idref="fl-5"/>
      </object_component>
      <object_component id="oc-10a">
         <name>.debug_info</name>
         <load_address>0x7bcc</load_address>
         <run_address>0x7bcc</run_address>
         <size>0x149</size>
         <input_file_ref idref="fl-5"/>
      </object_component>
      <object_component id="oc-77">
         <name>.debug_info</name>
         <load_address>0x7d15</load_address>
         <run_address>0x7d15</run_address>
         <size>0x167</size>
         <input_file_ref idref="fl-5"/>
      </object_component>
      <object_component id="oc-203">
         <name>.debug_info</name>
         <load_address>0x7e7c</load_address>
         <run_address>0x7e7c</run_address>
         <size>0x1a7</size>
         <input_file_ref idref="fl-6"/>
      </object_component>
      <object_component id="oc-1a3">
         <name>.debug_info</name>
         <load_address>0x8023</load_address>
         <run_address>0x8023</run_address>
         <size>0x13e</size>
         <input_file_ref idref="fl-6"/>
      </object_component>
      <object_component id="oc-1ff">
         <name>.debug_info</name>
         <load_address>0x8161</load_address>
         <run_address>0x8161</run_address>
         <size>0x159</size>
         <input_file_ref idref="fl-6"/>
      </object_component>
      <object_component id="oc-149">
         <name>.debug_info</name>
         <load_address>0x82ba</load_address>
         <run_address>0x82ba</run_address>
         <size>0x15f</size>
         <input_file_ref idref="fl-6"/>
      </object_component>
      <object_component id="oc-d0">
         <name>.debug_info</name>
         <load_address>0x8419</load_address>
         <run_address>0x8419</run_address>
         <size>0x139</size>
         <input_file_ref idref="fl-7"/>
      </object_component>
      <object_component id="oc-1b3">
         <name>.debug_info</name>
         <load_address>0x8552</load_address>
         <run_address>0x8552</run_address>
         <size>0x192</size>
         <input_file_ref idref="fl-7"/>
      </object_component>
      <object_component id="oc-11f">
         <name>.debug_info</name>
         <load_address>0x86e4</load_address>
         <run_address>0x86e4</run_address>
         <size>0x152</size>
         <input_file_ref idref="fl-7"/>
      </object_component>
      <object_component id="oc-127">
         <name>.debug_info</name>
         <load_address>0x8836</load_address>
         <run_address>0x8836</run_address>
         <size>0x154</size>
         <input_file_ref idref="fl-7"/>
      </object_component>
      <object_component id="oc-7d">
         <name>.debug_info</name>
         <load_address>0x898a</load_address>
         <run_address>0x898a</run_address>
         <size>0x186</size>
         <input_file_ref idref="fl-7"/>
      </object_component>
      <object_component id="oc-2c9">
         <name>.debug_info</name>
         <load_address>0x8b10</load_address>
         <run_address>0x8b10</run_address>
         <size>0x9bf</size>
         <input_file_ref idref="fl-8"/>
      </object_component>
      <object_component id="oc-245">
         <name>.debug_info</name>
         <load_address>0x94cf</load_address>
         <run_address>0x94cf</run_address>
         <size>0xf8</size>
         <input_file_ref idref="fl-8"/>
      </object_component>
      <object_component id="oc-1bf">
         <name>.debug_info</name>
         <load_address>0x95c7</load_address>
         <run_address>0x95c7</run_address>
         <size>0x1a4</size>
         <input_file_ref idref="fl-8"/>
      </object_component>
      <object_component id="oc-1c7">
         <name>.debug_info</name>
         <load_address>0x976b</load_address>
         <run_address>0x976b</run_address>
         <size>0x17a</size>
         <input_file_ref idref="fl-8"/>
      </object_component>
      <object_component id="oc-1e2">
         <name>.debug_info</name>
         <load_address>0x98e5</load_address>
         <run_address>0x98e5</run_address>
         <size>0x2eb</size>
         <input_file_ref idref="fl-8"/>
      </object_component>
      <object_component id="oc-249">
         <name>.debug_info</name>
         <load_address>0x9bd0</load_address>
         <run_address>0x9bd0</run_address>
         <size>0x24e</size>
         <input_file_ref idref="fl-8"/>
      </object_component>
      <object_component id="oc-1db">
         <name>.debug_info</name>
         <load_address>0x9e1e</load_address>
         <run_address>0x9e1e</run_address>
         <size>0x1a8</size>
         <input_file_ref idref="fl-8"/>
      </object_component>
      <object_component id="oc-1cb">
         <name>.debug_info</name>
         <load_address>0x9fc6</load_address>
         <run_address>0x9fc6</run_address>
         <size>0x16f</size>
         <input_file_ref idref="fl-9"/>
      </object_component>
      <object_component id="oc-103">
         <name>.debug_info</name>
         <load_address>0xa135</load_address>
         <run_address>0xa135</run_address>
         <size>0x1b6</size>
         <input_file_ref idref="fl-9"/>
      </object_component>
      <object_component id="oc-1d6">
         <name>.debug_info</name>
         <load_address>0xa2eb</load_address>
         <run_address>0xa2eb</run_address>
         <size>0x110</size>
         <input_file_ref idref="fl-a"/>
      </object_component>
      <object_component id="oc-1d2">
         <name>.debug_info</name>
         <load_address>0xa3fb</load_address>
         <run_address>0xa3fb</run_address>
         <size>0x10e</size>
         <input_file_ref idref="fl-a"/>
      </object_component>
      <object_component id="oc-1ae">
         <name>.debug_info</name>
         <load_address>0xa509</load_address>
         <run_address>0xa509</run_address>
         <size>0x1a6</size>
         <input_file_ref idref="fl-a"/>
      </object_component>
      <object_component id="oc-f1">
         <name>.debug_info</name>
         <load_address>0xa6af</load_address>
         <run_address>0xa6af</run_address>
         <size>0x197</size>
         <input_file_ref idref="fl-a"/>
      </object_component>
      <object_component id="oc-f7">
         <name>.debug_info</name>
         <load_address>0xa846</load_address>
         <run_address>0xa846</run_address>
         <size>0x199</size>
         <input_file_ref idref="fl-a"/>
      </object_component>
      <object_component id="oc-12c">
         <name>.debug_info</name>
         <load_address>0xa9df</load_address>
         <run_address>0xa9df</run_address>
         <size>0x17d</size>
         <input_file_ref idref="fl-a"/>
      </object_component>
      <object_component id="oc-132">
         <name>.debug_info</name>
         <load_address>0xab5c</load_address>
         <run_address>0xab5c</run_address>
         <size>0x17f</size>
         <input_file_ref idref="fl-a"/>
      </object_component>
      <object_component id="oc-84">
         <name>.debug_info</name>
         <load_address>0xacdb</load_address>
         <run_address>0xacdb</run_address>
         <size>0x2e6</size>
         <input_file_ref idref="fl-c"/>
      </object_component>
      <object_component id="oc-24">
         <name>.debug_info</name>
         <load_address>0xafc1</load_address>
         <run_address>0xafc1</run_address>
         <size>0x112</size>
         <input_file_ref idref="fl-c"/>
      </object_component>
      <object_component id="oc-66">
         <name>.debug_info</name>
         <load_address>0xb0d3</load_address>
         <run_address>0xb0d3</run_address>
         <size>0x175</size>
         <input_file_ref idref="fl-c"/>
      </object_component>
      <object_component id="oc-6b">
         <name>.debug_info</name>
         <load_address>0xb248</load_address>
         <run_address>0xb248</run_address>
         <size>0x15d</size>
         <input_file_ref idref="fl-c"/>
      </object_component>
      <object_component id="oc-2f2">
         <name>.debug_info</name>
         <load_address>0xb3a5</load_address>
         <run_address>0xb3a5</run_address>
         <size>0x701</size>
         <input_file_ref idref="fl-17"/>
      </object_component>
      <object_component id="oc-2bb">
         <name>.debug_info</name>
         <load_address>0xbaa6</load_address>
         <run_address>0xbaa6</run_address>
         <size>0x135</size>
         <input_file_ref idref="fl-17"/>
      </object_component>
      <object_component id="oc-22e">
         <name>.debug_info</name>
         <load_address>0xbbdb</load_address>
         <run_address>0xbbdb</run_address>
         <size>0x2a5</size>
         <input_file_ref idref="fl-17"/>
      </object_component>
      <object_component id="oc-2fa">
         <name>.debug_info</name>
         <load_address>0xbe80</load_address>
         <run_address>0xbe80</run_address>
         <size>0x431a</size>
         <input_file_ref idref="fl-17"/>
      </object_component>
      <object_component id="oc-2c4">
         <name>.debug_info</name>
         <load_address>0x1019a</load_address>
         <run_address>0x1019a</run_address>
         <size>0x6f0</size>
         <input_file_ref idref="fl-18"/>
      </object_component>
      <object_component id="oc-234">
         <name>.debug_info</name>
         <load_address>0x1088a</load_address>
         <run_address>0x1088a</run_address>
         <size>0x23b</size>
         <input_file_ref idref="fl-18"/>
      </object_component>
      <object_component id="oc-240">
         <name>.debug_info</name>
         <load_address>0x10ac5</load_address>
         <run_address>0x10ac5</run_address>
         <size>0x1ee</size>
         <input_file_ref idref="fl-18"/>
      </object_component>
      <object_component id="oc-23a">
         <name>.debug_info</name>
         <load_address>0x10cb3</load_address>
         <run_address>0x10cb3</run_address>
         <size>0x1f0</size>
         <input_file_ref idref="fl-18"/>
      </object_component>
      <object_component id="oc-25a">
         <name>.debug_info</name>
         <load_address>0x10ea3</load_address>
         <run_address>0x10ea3</run_address>
         <size>0x237</size>
         <input_file_ref idref="fl-18"/>
      </object_component>
      <object_component id="oc-267">
         <name>.debug_info</name>
         <load_address>0x110da</load_address>
         <run_address>0x110da</run_address>
         <size>0x207</size>
         <input_file_ref idref="fl-18"/>
      </object_component>
      <object_component id="oc-26d">
         <name>.debug_info</name>
         <load_address>0x112e1</load_address>
         <run_address>0x112e1</run_address>
         <size>0x1ec</size>
         <input_file_ref idref="fl-18"/>
      </object_component>
      <object_component id="oc-273">
         <name>.debug_info</name>
         <load_address>0x114cd</load_address>
         <run_address>0x114cd</run_address>
         <size>0x252</size>
         <input_file_ref idref="fl-18"/>
      </object_component>
      <object_component id="oc-2cc">
         <name>.debug_info</name>
         <load_address>0x1171f</load_address>
         <run_address>0x1171f</run_address>
         <size>0x232</size>
         <input_file_ref idref="fl-18"/>
      </object_component>
      <object_component id="oc-2d2">
         <name>.debug_info</name>
         <load_address>0x11951</load_address>
         <run_address>0x11951</run_address>
         <size>0x23a</size>
         <input_file_ref idref="fl-18"/>
      </object_component>
      <object_component id="oc-27f">
         <name>.debug_info</name>
         <load_address>0x11b8b</load_address>
         <run_address>0x11b8b</run_address>
         <size>0x207</size>
         <input_file_ref idref="fl-18"/>
      </object_component>
      <object_component id="oc-285">
         <name>.debug_info</name>
         <load_address>0x11d92</load_address>
         <run_address>0x11d92</run_address>
         <size>0x1fd</size>
         <input_file_ref idref="fl-18"/>
      </object_component>
      <object_component id="oc-28b">
         <name>.debug_info</name>
         <load_address>0x11f8f</load_address>
         <run_address>0x11f8f</run_address>
         <size>0x211</size>
         <input_file_ref idref="fl-18"/>
      </object_component>
      <object_component id="oc-292">
         <name>.debug_info</name>
         <load_address>0x121a0</load_address>
         <run_address>0x121a0</run_address>
         <size>0x215</size>
         <input_file_ref idref="fl-18"/>
      </object_component>
      <object_component id="oc-262">
         <name>.debug_info</name>
         <load_address>0x123b5</load_address>
         <run_address>0x123b5</run_address>
         <size>0x220</size>
         <input_file_ref idref="fl-18"/>
      </object_component>
      <object_component id="oc-27b">
         <name>.debug_info</name>
         <load_address>0x125d5</load_address>
         <run_address>0x125d5</run_address>
         <size>0x224</size>
         <input_file_ref idref="fl-18"/>
      </object_component>
      <object_component id="oc-13d">
         <name>.debug_info</name>
         <load_address>0x127f9</load_address>
         <run_address>0x127f9</run_address>
         <size>0x14d</size>
         <input_file_ref idref="fl-d0"/>
      </object_component>
      <object_component id="oc-143">
         <name>.debug_info</name>
         <load_address>0x12946</load_address>
         <run_address>0x12946</run_address>
         <size>0x13f</size>
         <input_file_ref idref="fl-d4"/>
      </object_component>
      <object_component id="oc-138">
         <name>.debug_info</name>
         <load_address>0x12a85</load_address>
         <run_address>0x12a85</run_address>
         <size>0x12d</size>
         <input_file_ref idref="fl-d5"/>
      </object_component>
      <object_component id="oc-9b">
         <name>.debug_info</name>
         <load_address>0x12bb2</load_address>
         <run_address>0x12bb2</run_address>
         <size>0x2d5</size>
         <input_file_ref idref="fl-d7"/>
      </object_component>
      <object_component id="oc-42">
         <name>.debug_info</name>
         <load_address>0x12e87</load_address>
         <run_address>0x12e87</run_address>
         <size>0x1d3</size>
         <input_file_ref idref="fl-d7"/>
      </object_component>
      <object_component id="oc-96">
         <name>.debug_info</name>
         <load_address>0x1305a</load_address>
         <run_address>0x1305a</run_address>
         <size>0x46</size>
         <input_file_ref idref="fl-d7"/>
      </object_component>
      <object_component id="oc-e1">
         <name>.debug_info</name>
         <load_address>0x130a0</load_address>
         <run_address>0x130a0</run_address>
         <size>0x2c</size>
         <input_file_ref idref="fl-d7"/>
      </object_component>
      <object_component id="oc-3f">
         <name>.debug_info</name>
         <load_address>0x130cc</load_address>
         <run_address>0x130cc</run_address>
         <size>0x2a9</size>
         <input_file_ref idref="fl-d8"/>
      </object_component>
      <object_component id="oc-1d">
         <name>.debug_info</name>
         <load_address>0x13375</load_address>
         <run_address>0x13375</run_address>
         <size>0x1eb</size>
         <input_file_ref idref="fl-d8"/>
      </object_component>
      <object_component id="oc-3a">
         <name>.debug_info</name>
         <load_address>0x13560</load_address>
         <run_address>0x13560</run_address>
         <size>0x46</size>
         <input_file_ref idref="fl-d8"/>
      </object_component>
      <object_component id="oc-8e">
         <name>.debug_info</name>
         <load_address>0x135a6</load_address>
         <run_address>0x135a6</run_address>
         <size>0x2c</size>
         <input_file_ref idref="fl-d8"/>
      </object_component>
      <object_component id="oc-8c">
         <name>.debug_info</name>
         <load_address>0x135d2</load_address>
         <run_address>0x135d2</run_address>
         <size>0x29f</size>
         <input_file_ref idref="fl-d9"/>
      </object_component>
      <object_component id="oc-18">
         <name>.debug_info</name>
         <load_address>0x13871</load_address>
         <run_address>0x13871</run_address>
         <size>0x251</size>
         <input_file_ref idref="fl-d9"/>
      </object_component>
      <object_component id="oc-2a">
         <name>.debug_info</name>
         <load_address>0x13ac2</load_address>
         <run_address>0x13ac2</run_address>
         <size>0x60</size>
         <input_file_ref idref="fl-d9"/>
      </object_component>
      <object_component id="oc-da">
         <name>.debug_info</name>
         <load_address>0x13b22</load_address>
         <run_address>0x13b22</run_address>
         <size>0x46</size>
         <input_file_ref idref="fl-d9"/>
      </object_component>
      <object_component id="oc-87">
         <name>.debug_info</name>
         <load_address>0x13b68</load_address>
         <run_address>0x13b68</run_address>
         <size>0x39</size>
         <input_file_ref idref="fl-d9"/>
      </object_component>
      <object_component id="oc-27">
         <name>.debug_info</name>
         <load_address>0x13ba1</load_address>
         <run_address>0x13ba1</run_address>
         <size>0x10c</size>
         <input_file_ref idref="fl-da"/>
      </object_component>
      <object_component id="oc-56">
         <name>.debug_info</name>
         <load_address>0x13cad</load_address>
         <run_address>0x13cad</run_address>
         <size>0x1aa</size>
         <input_file_ref idref="fl-da"/>
      </object_component>
      <object_component id="oc-36">
         <name>.debug_info</name>
         <load_address>0x13e57</load_address>
         <run_address>0x13e57</run_address>
         <size>0x11a</size>
         <input_file_ref idref="fl-dc"/>
      </object_component>
      <object_component id="oc-211">
         <name>.debug_info</name>
         <load_address>0x13f71</load_address>
         <run_address>0x13f71</run_address>
         <size>0x4b4</size>
         <input_file_ref idref="fl-dd"/>
      </object_component>
      <object_component id="oc-15f">
         <name>.debug_info</name>
         <load_address>0x14425</load_address>
         <run_address>0x14425</run_address>
         <size>0x1a7</size>
         <input_file_ref idref="fl-dd"/>
      </object_component>
      <object_component id="oc-2a9">
         <name>.debug_info</name>
         <load_address>0x145cc</load_address>
         <run_address>0x145cc</run_address>
         <size>0x39</size>
         <input_file_ref idref="fl-dd"/>
      </object_component>
      <object_component id="oc-2e4">
         <name>.debug_info</name>
         <load_address>0x14605</load_address>
         <run_address>0x14605</run_address>
         <size>0x39</size>
         <input_file_ref idref="fl-dd"/>
      </object_component>
      <object_component id="oc-2ae">
         <name>.debug_info</name>
         <load_address>0x1463e</load_address>
         <run_address>0x1463e</run_address>
         <size>0x39</size>
         <input_file_ref idref="fl-dd"/>
      </object_component>
      <object_component id="oc-2b3">
         <name>.debug_info</name>
         <load_address>0x14677</load_address>
         <run_address>0x14677</run_address>
         <size>0xcd</size>
         <input_file_ref idref="fl-dd"/>
      </object_component>
      <object_component id="oc-a3">
         <name>.debug_info</name>
         <load_address>0x14744</load_address>
         <run_address>0x14744</run_address>
         <size>0x154</size>
         <input_file_ref idref="fl-de"/>
      </object_component>
      <object_component id="oc-154">
         <name>.debug_info</name>
         <load_address>0x14898</load_address>
         <run_address>0x14898</run_address>
         <size>0x123</size>
         <input_file_ref idref="fl-e0"/>
      </object_component>
      <object_component id="oc-337">
         <name>.debug_info</name>
         <load_address>0x149bb</load_address>
         <run_address>0x149bb</run_address>
         <size>0xba</size>
      </object_component>
      <object_component id="oc-1ea">
         <name>.debug_line</name>
         <load_address>0x0</load_address>
         <run_address>0x0</run_address>
         <size>0xd1</size>
         <input_file_ref idref="fl-2"/>
      </object_component>
      <object_component id="oc-191">
         <name>.debug_line</name>
         <load_address>0xd1</load_address>
         <run_address>0xd1</run_address>
         <size>0x2d</size>
         <input_file_ref idref="fl-2"/>
      </object_component>
      <object_component id="oc-ad">
         <name>.debug_line</name>
         <load_address>0xfe</load_address>
         <run_address>0xfe</run_address>
         <size>0x377</size>
         <input_file_ref idref="fl-2"/>
      </object_component>
      <object_component id="oc-ef">
         <name>.debug_line</name>
         <load_address>0x475</load_address>
         <run_address>0x475</run_address>
         <size>0x57</size>
         <input_file_ref idref="fl-2"/>
      </object_component>
      <object_component id="oc-75">
         <name>.debug_line</name>
         <load_address>0x4cc</load_address>
         <run_address>0x4cc</run_address>
         <size>0x45</size>
         <input_file_ref idref="fl-2"/>
      </object_component>
      <object_component id="oc-195">
         <name>.debug_line</name>
         <load_address>0x511</load_address>
         <run_address>0x511</run_address>
         <size>0x2d</size>
         <input_file_ref idref="fl-2"/>
      </object_component>
      <object_component id="oc-d8">
         <name>.debug_line</name>
         <load_address>0x53e</load_address>
         <run_address>0x53e</run_address>
         <size>0x6f</size>
         <input_file_ref idref="fl-2"/>
      </object_component>
      <object_component id="oc-1f3">
         <name>.debug_line</name>
         <load_address>0x5ad</load_address>
         <run_address>0x5ad</run_address>
         <size>0x78</size>
         <input_file_ref idref="fl-2"/>
      </object_component>
      <object_component id="oc-1ee">
         <name>.debug_line</name>
         <load_address>0x625</load_address>
         <run_address>0x625</run_address>
         <size>0x7b</size>
         <input_file_ref idref="fl-2"/>
      </object_component>
      <object_component id="oc-2f8">
         <name>.debug_line</name>
         <load_address>0x6a0</load_address>
         <run_address>0x6a0</run_address>
         <size>0x79</size>
         <input_file_ref idref="fl-2"/>
      </object_component>
      <object_component id="oc-254">
         <name>.debug_line</name>
         <load_address>0x719</load_address>
         <run_address>0x719</run_address>
         <size>0x7d</size>
         <input_file_ref idref="fl-2"/>
      </object_component>
      <object_component id="oc-14f">
         <name>.debug_line</name>
         <load_address>0x796</load_address>
         <run_address>0x796</run_address>
         <size>0x20</size>
         <input_file_ref idref="fl-2"/>
      </object_component>
      <object_component id="oc-19c">
         <name>.debug_line</name>
         <load_address>0x7b6</load_address>
         <run_address>0x7b6</run_address>
         <size>0x73</size>
         <input_file_ref idref="fl-2"/>
      </object_component>
      <object_component id="oc-2c1">
         <name>.debug_line</name>
         <load_address>0x829</load_address>
         <run_address>0x829</run_address>
         <size>0x6f</size>
         <input_file_ref idref="fl-2"/>
      </object_component>
      <object_component id="oc-cd">
         <name>.debug_line</name>
         <load_address>0x898</load_address>
         <run_address>0x898</run_address>
         <size>0x70</size>
         <input_file_ref idref="fl-2"/>
      </object_component>
      <object_component id="oc-be">
         <name>.debug_line</name>
         <load_address>0x908</load_address>
         <run_address>0x908</run_address>
         <size>0x66</size>
         <input_file_ref idref="fl-3"/>
      </object_component>
      <object_component id="oc-32">
         <name>.debug_line</name>
         <load_address>0x96e</load_address>
         <run_address>0x96e</run_address>
         <size>0x20</size>
         <input_file_ref idref="fl-3"/>
      </object_component>
      <object_component id="oc-1a7">
         <name>.debug_line</name>
         <load_address>0x98e</load_address>
         <run_address>0x98e</run_address>
         <size>0x51</size>
         <input_file_ref idref="fl-4"/>
      </object_component>
      <object_component id="oc-100">
         <name>.debug_line</name>
         <load_address>0x9df</load_address>
         <run_address>0x9df</run_address>
         <size>0x56</size>
         <input_file_ref idref="fl-4"/>
      </object_component>
      <object_component id="oc-198">
         <name>.debug_line</name>
         <load_address>0xa35</load_address>
         <run_address>0xa35</run_address>
         <size>0x37</size>
         <input_file_ref idref="fl-5"/>
      </object_component>
      <object_component id="oc-1bc">
         <name>.debug_line</name>
         <load_address>0xa6c</load_address>
         <run_address>0xa6c</run_address>
         <size>0x54</size>
         <input_file_ref idref="fl-5"/>
      </object_component>
      <object_component id="oc-10f">
         <name>.debug_line</name>
         <load_address>0xac0</load_address>
         <run_address>0xac0</run_address>
         <size>0x53</size>
         <input_file_ref idref="fl-5"/>
      </object_component>
      <object_component id="oc-109">
         <name>.debug_line</name>
         <load_address>0xb13</load_address>
         <run_address>0xb13</run_address>
         <size>0x53</size>
         <input_file_ref idref="fl-5"/>
      </object_component>
      <object_component id="oc-7a">
         <name>.debug_line</name>
         <load_address>0xb66</load_address>
         <run_address>0xb66</run_address>
         <size>0x5c</size>
         <input_file_ref idref="fl-5"/>
      </object_component>
      <object_component id="oc-298">
         <name>.debug_line</name>
         <load_address>0xbc2</load_address>
         <run_address>0xbc2</run_address>
         <size>0x36</size>
         <input_file_ref idref="fl-6"/>
      </object_component>
      <object_component id="oc-1a5">
         <name>.debug_line</name>
         <load_address>0xbf8</load_address>
         <run_address>0xbf8</run_address>
         <size>0x89</size>
         <input_file_ref idref="fl-6"/>
      </object_component>
      <object_component id="oc-1fe">
         <name>.debug_line</name>
         <load_address>0xc81</load_address>
         <run_address>0xc81</run_address>
         <size>0x4e</size>
         <input_file_ref idref="fl-6"/>
      </object_component>
      <object_component id="oc-148">
         <name>.debug_line</name>
         <load_address>0xccf</load_address>
         <run_address>0xccf</run_address>
         <size>0x55</size>
         <input_file_ref idref="fl-6"/>
      </object_component>
      <object_component id="oc-19f">
         <name>.debug_line</name>
         <load_address>0xd24</load_address>
         <run_address>0xd24</run_address>
         <size>0x38</size>
         <input_file_ref idref="fl-7"/>
      </object_component>
      <object_component id="oc-1b6">
         <name>.debug_line</name>
         <load_address>0xd5c</load_address>
         <run_address>0xd5c</run_address>
         <size>0x5a</size>
         <input_file_ref idref="fl-7"/>
      </object_component>
      <object_component id="oc-122">
         <name>.debug_line</name>
         <load_address>0xdb6</load_address>
         <run_address>0xdb6</run_address>
         <size>0x4d</size>
         <input_file_ref idref="fl-7"/>
      </object_component>
      <object_component id="oc-126">
         <name>.debug_line</name>
         <load_address>0xe03</load_address>
         <run_address>0xe03</run_address>
         <size>0x4d</size>
         <input_file_ref idref="fl-7"/>
      </object_component>
      <object_component id="oc-80">
         <name>.debug_line</name>
         <load_address>0xe50</load_address>
         <run_address>0xe50</run_address>
         <size>0x68</size>
         <input_file_ref idref="fl-7"/>
      </object_component>
      <object_component id="oc-300">
         <name>.debug_line</name>
         <load_address>0xeb8</load_address>
         <run_address>0xeb8</run_address>
         <size>0xd3</size>
         <input_file_ref idref="fl-8"/>
      </object_component>
      <object_component id="oc-2c8">
         <name>.debug_line</name>
         <load_address>0xf8b</load_address>
         <run_address>0xf8b</run_address>
         <size>0x38</size>
         <input_file_ref idref="fl-8"/>
      </object_component>
      <object_component id="oc-1c3">
         <name>.debug_line</name>
         <load_address>0xfc3</load_address>
         <run_address>0xfc3</run_address>
         <size>0x50</size>
         <input_file_ref idref="fl-8"/>
      </object_component>
      <object_component id="oc-1c5">
         <name>.debug_line</name>
         <load_address>0x1013</load_address>
         <run_address>0x1013</run_address>
         <size>0x53</size>
         <input_file_ref idref="fl-8"/>
      </object_component>
      <object_component id="oc-1e1">
         <name>.debug_line</name>
         <load_address>0x1066</load_address>
         <run_address>0x1066</run_address>
         <size>0x72</size>
         <input_file_ref idref="fl-8"/>
      </object_component>
      <object_component id="oc-24c">
         <name>.debug_line</name>
         <load_address>0x10d8</load_address>
         <run_address>0x10d8</run_address>
         <size>0x55</size>
         <input_file_ref idref="fl-8"/>
      </object_component>
      <object_component id="oc-1de">
         <name>.debug_line</name>
         <load_address>0x112d</load_address>
         <run_address>0x112d</run_address>
         <size>0x52</size>
         <input_file_ref idref="fl-8"/>
      </object_component>
      <object_component id="oc-1ce">
         <name>.debug_line</name>
         <load_address>0x117f</load_address>
         <run_address>0x117f</run_address>
         <size>0x54</size>
         <input_file_ref idref="fl-9"/>
      </object_component>
      <object_component id="oc-107">
         <name>.debug_line</name>
         <load_address>0x11d3</load_address>
         <run_address>0x11d3</run_address>
         <size>0x84</size>
         <input_file_ref idref="fl-9"/>
      </object_component>
      <object_component id="oc-257">
         <name>.debug_line</name>
         <load_address>0x1257</load_address>
         <run_address>0x1257</run_address>
         <size>0x36</size>
         <input_file_ref idref="fl-a"/>
      </object_component>
      <object_component id="oc-250">
         <name>.debug_line</name>
         <load_address>0x128d</load_address>
         <run_address>0x128d</run_address>
         <size>0x36</size>
         <input_file_ref idref="fl-a"/>
      </object_component>
      <object_component id="oc-1ad">
         <name>.debug_line</name>
         <load_address>0x12c3</load_address>
         <run_address>0x12c3</run_address>
         <size>0x57</size>
         <input_file_ref idref="fl-a"/>
      </object_component>
      <object_component id="oc-f4">
         <name>.debug_line</name>
         <load_address>0x131a</load_address>
         <run_address>0x131a</run_address>
         <size>0x5c</size>
         <input_file_ref idref="fl-a"/>
      </object_component>
      <object_component id="oc-fa">
         <name>.debug_line</name>
         <load_address>0x1376</load_address>
         <run_address>0x1376</run_address>
         <size>0x5c</size>
         <input_file_ref idref="fl-a"/>
      </object_component>
      <object_component id="oc-12b">
         <name>.debug_line</name>
         <load_address>0x13d2</load_address>
         <run_address>0x13d2</run_address>
         <size>0x52</size>
         <input_file_ref idref="fl-a"/>
      </object_component>
      <object_component id="oc-131">
         <name>.debug_line</name>
         <load_address>0x1424</load_address>
         <run_address>0x1424</run_address>
         <size>0x52</size>
         <input_file_ref idref="fl-a"/>
      </object_component>
      <object_component id="oc-d4">
         <name>.debug_line</name>
         <load_address>0x1476</load_address>
         <run_address>0x1476</run_address>
         <size>0x44</size>
         <input_file_ref idref="fl-c"/>
      </object_component>
      <object_component id="oc-83">
         <name>.debug_line</name>
         <load_address>0x14ba</load_address>
         <run_address>0x14ba</run_address>
         <size>0x44</size>
         <input_file_ref idref="fl-c"/>
      </object_component>
      <object_component id="oc-65">
         <name>.debug_line</name>
         <load_address>0x14fe</load_address>
         <run_address>0x14fe</run_address>
         <size>0x5d</size>
         <input_file_ref idref="fl-c"/>
      </object_component>
      <object_component id="oc-6e">
         <name>.debug_line</name>
         <load_address>0x155b</load_address>
         <run_address>0x155b</run_address>
         <size>0x59</size>
         <input_file_ref idref="fl-c"/>
      </object_component>
      <object_component id="oc-304">
         <name>.debug_line</name>
         <load_address>0x15b4</load_address>
         <run_address>0x15b4</run_address>
         <size>0x56</size>
         <input_file_ref idref="fl-17"/>
      </object_component>
      <object_component id="oc-2f1">
         <name>.debug_line</name>
         <load_address>0x160a</load_address>
         <run_address>0x160a</run_address>
         <size>0x51</size>
         <input_file_ref idref="fl-17"/>
      </object_component>
      <object_component id="oc-22d">
         <name>.debug_line</name>
         <load_address>0x165b</load_address>
         <run_address>0x165b</run_address>
         <size>0x78</size>
         <input_file_ref idref="fl-17"/>
      </object_component>
      <object_component id="oc-2fd">
         <name>.debug_line</name>
         <load_address>0x16d3</load_address>
         <run_address>0x16d3</run_address>
         <size>0x51</size>
         <input_file_ref idref="fl-17"/>
      </object_component>
      <object_component id="oc-2f4">
         <name>.debug_line</name>
         <load_address>0x1724</load_address>
         <run_address>0x1724</run_address>
         <size>0x56</size>
         <input_file_ref idref="fl-18"/>
      </object_component>
      <object_component id="oc-237">
         <name>.debug_line</name>
         <load_address>0x177a</load_address>
         <run_address>0x177a</run_address>
         <size>0x70</size>
         <input_file_ref idref="fl-18"/>
      </object_component>
      <object_component id="oc-243">
         <name>.debug_line</name>
         <load_address>0x17ea</load_address>
         <run_address>0x17ea</run_address>
         <size>0x68</size>
         <input_file_ref idref="fl-18"/>
      </object_component>
      <object_component id="oc-23d">
         <name>.debug_line</name>
         <load_address>0x1852</load_address>
         <run_address>0x1852</run_address>
         <size>0x68</size>
         <input_file_ref idref="fl-18"/>
      </object_component>
      <object_component id="oc-25d">
         <name>.debug_line</name>
         <load_address>0x18ba</load_address>
         <run_address>0x18ba</run_address>
         <size>0x68</size>
         <input_file_ref idref="fl-18"/>
      </object_component>
      <object_component id="oc-26a">
         <name>.debug_line</name>
         <load_address>0x1922</load_address>
         <run_address>0x1922</run_address>
         <size>0x68</size>
         <input_file_ref idref="fl-18"/>
      </object_component>
      <object_component id="oc-270">
         <name>.debug_line</name>
         <load_address>0x198a</load_address>
         <run_address>0x198a</run_address>
         <size>0x68</size>
         <input_file_ref idref="fl-18"/>
      </object_component>
      <object_component id="oc-276">
         <name>.debug_line</name>
         <load_address>0x19f2</load_address>
         <run_address>0x19f2</run_address>
         <size>0x74</size>
         <input_file_ref idref="fl-18"/>
      </object_component>
      <object_component id="oc-2cf">
         <name>.debug_line</name>
         <load_address>0x1a66</load_address>
         <run_address>0x1a66</run_address>
         <size>0x71</size>
         <input_file_ref idref="fl-18"/>
      </object_component>
      <object_component id="oc-2d5">
         <name>.debug_line</name>
         <load_address>0x1ad7</load_address>
         <run_address>0x1ad7</run_address>
         <size>0x7f</size>
         <input_file_ref idref="fl-18"/>
      </object_component>
      <object_component id="oc-282">
         <name>.debug_line</name>
         <load_address>0x1b56</load_address>
         <run_address>0x1b56</run_address>
         <size>0x71</size>
         <input_file_ref idref="fl-18"/>
      </object_component>
      <object_component id="oc-288">
         <name>.debug_line</name>
         <load_address>0x1bc7</load_address>
         <run_address>0x1bc7</run_address>
         <size>0x68</size>
         <input_file_ref idref="fl-18"/>
      </object_component>
      <object_component id="oc-28e">
         <name>.debug_line</name>
         <load_address>0x1c2f</load_address>
         <run_address>0x1c2f</run_address>
         <size>0x68</size>
         <input_file_ref idref="fl-18"/>
      </object_component>
      <object_component id="oc-294">
         <name>.debug_line</name>
         <load_address>0x1c97</load_address>
         <run_address>0x1c97</run_address>
         <size>0x70</size>
         <input_file_ref idref="fl-18"/>
      </object_component>
      <object_component id="oc-260">
         <name>.debug_line</name>
         <load_address>0x1d07</load_address>
         <run_address>0x1d07</run_address>
         <size>0x68</size>
         <input_file_ref idref="fl-18"/>
      </object_component>
      <object_component id="oc-279">
         <name>.debug_line</name>
         <load_address>0x1d6f</load_address>
         <run_address>0x1d6f</run_address>
         <size>0x68</size>
         <input_file_ref idref="fl-18"/>
      </object_component>
      <object_component id="oc-13f">
         <name>.debug_line</name>
         <load_address>0x1dd7</load_address>
         <run_address>0x1dd7</run_address>
         <size>0xd2</size>
         <input_file_ref idref="fl-d0"/>
      </object_component>
      <object_component id="oc-142">
         <name>.debug_line</name>
         <load_address>0x1ea9</load_address>
         <run_address>0x1ea9</run_address>
         <size>0x67</size>
         <input_file_ref idref="fl-d4"/>
      </object_component>
      <object_component id="oc-13a">
         <name>.debug_line</name>
         <load_address>0x1f10</load_address>
         <run_address>0x1f10</run_address>
         <size>0x57</size>
         <input_file_ref idref="fl-d5"/>
      </object_component>
      <object_component id="oc-e7">
         <name>.debug_line</name>
         <load_address>0x1f67</load_address>
         <run_address>0x1f67</run_address>
         <size>0x92</size>
         <input_file_ref idref="fl-d7"/>
      </object_component>
      <object_component id="oc-45">
         <name>.debug_line</name>
         <load_address>0x1ff9</load_address>
         <run_address>0x1ff9</run_address>
         <size>0x56</size>
         <input_file_ref idref="fl-d7"/>
      </object_component>
      <object_component id="oc-99">
         <name>.debug_line</name>
         <load_address>0x204f</load_address>
         <run_address>0x204f</run_address>
         <size>0x34</size>
         <input_file_ref idref="fl-d7"/>
      </object_component>
      <object_component id="oc-e4">
         <name>.debug_line</name>
         <load_address>0x2083</load_address>
         <run_address>0x2083</run_address>
         <size>0x92</size>
         <input_file_ref idref="fl-d7"/>
      </object_component>
      <object_component id="oc-94">
         <name>.debug_line</name>
         <load_address>0x2115</load_address>
         <run_address>0x2115</run_address>
         <size>0x20</size>
         <input_file_ref idref="fl-d8"/>
      </object_component>
      <object_component id="oc-1b">
         <name>.debug_line</name>
         <load_address>0x2135</load_address>
         <run_address>0x2135</run_address>
         <size>0x55</size>
         <input_file_ref idref="fl-d8"/>
      </object_component>
      <object_component id="oc-3d">
         <name>.debug_line</name>
         <load_address>0x218a</load_address>
         <run_address>0x218a</run_address>
         <size>0x3a</size>
         <input_file_ref idref="fl-d8"/>
      </object_component>
      <object_component id="oc-91">
         <name>.debug_line</name>
         <load_address>0x21c4</load_address>
         <run_address>0x21c4</run_address>
         <size>0x92</size>
         <input_file_ref idref="fl-d8"/>
      </object_component>
      <object_component id="oc-e0">
         <name>.debug_line</name>
         <load_address>0x2256</load_address>
         <run_address>0x2256</run_address>
         <size>0x20</size>
         <input_file_ref idref="fl-d9"/>
      </object_component>
      <object_component id="oc-17">
         <name>.debug_line</name>
         <load_address>0x2276</load_address>
         <run_address>0x2276</run_address>
         <size>0xa9</size>
         <input_file_ref idref="fl-d9"/>
      </object_component>
      <object_component id="oc-2d">
         <name>.debug_line</name>
         <load_address>0x231f</load_address>
         <run_address>0x231f</run_address>
         <size>0x3a</size>
         <input_file_ref idref="fl-d9"/>
      </object_component>
      <object_component id="oc-dd">
         <name>.debug_line</name>
         <load_address>0x2359</load_address>
         <run_address>0x2359</run_address>
         <size>0x9a</size>
         <input_file_ref idref="fl-d9"/>
      </object_component>
      <object_component id="oc-8a">
         <name>.debug_line</name>
         <load_address>0x23f3</load_address>
         <run_address>0x23f3</run_address>
         <size>0x96</size>
         <input_file_ref idref="fl-d9"/>
      </object_component>
      <object_component id="oc-86">
         <name>.debug_line</name>
         <load_address>0x2489</load_address>
         <run_address>0x2489</run_address>
         <size>0x33</size>
         <input_file_ref idref="fl-da"/>
      </object_component>
      <object_component id="oc-55">
         <name>.debug_line</name>
         <load_address>0x24bc</load_address>
         <run_address>0x24bc</run_address>
[...]
      <symbol id="sm-1b7">
         <name>move3</name>
         <value>0x20000028</value>
         <object_component_ref idref="oc-c2"/>
      </symbol>
      <symbol id="sm-1b8">
         <name>move2</name>
         <value>0x20000024</value>
         <object_component_ref idref="oc-c2"/>
      </symbol>
      <symbol id="sm-1b9">
         <name>move5</name>
         <value>0x20000030</value>
         <object_component_ref idref="oc-c2"/>
      </symbol>
      <symbol id="sm-1ba">
         <name>move4</name>
         <value>0x2000002c</value>
         <object_component_ref idref="oc-c2"/>
      </symbol>
      <symbol id="sm-1bb">
         <name>move7</name>
         <value>0x20000038</value>
         <object_component_ref idref="oc-c2"/>
      </symbol>
      <symbol id="sm-1bc">
         <name>move6</name>
         <value>0x20000034</value>
         <object_component_ref idref="oc-c2"/>
      </symbol>
      <symbol id="sm-1bd">
         <name>squareDistance</name>
         <value>0x2000001c</value>
         <object_component_ref idref="oc-c2"/>
      </symbol>
      <symbol id="sm-1be">
         <name>canContinue</name>
         <value>0x2000000c</value>
         <object_component_ref idref="oc-c2"/>
      </symbol>
      <symbol id="sm-1d6">
         <name>SystemInit</name>
         <value>0x17a9</value>
         <object_component_ref idref="oc-ba"/>
      </symbol>
      <symbol id="sm-1ec">
         <name>Bump_Read</name>
         <value>0x1375</value>
         <object_component_ref idref="oc-fc"/>
      </symbol>
      <symbol id="sm-1ed">
         <name>Bump_Init</name>
         <value>0x1af1</value>
         <object_component_ref idref="oc-1a6"/>
      </symbol>
      <symbol id="sm-227">
         <name>button_S1_pressed</name>
         <value>0x1e99</value>
         <object_component_ref idref="oc-10e"/>
      </symbol>
      <symbol id="sm-228">
         <name>PORT1_IRQHandler</name>
         <value>0x1b95</value>
         <object_component_ref idref="oc-76"/>
      </symbol>
      <symbol id="sm-229">
         <name>button_S1_pressed_flag</name>
         <value>0x2000006d</value>
         <object_component_ref idref="oc-c6"/>
      </symbol>
      <symbol id="sm-22a">
         <name>button_init</name>
         <value>0x1695</value>
         <object_component_ref idref="oc-1b8"/>
      </symbol>
      <symbol id="sm-22b">
         <name>button_S2_pressed</name>
         <value>0x1eb1</value>
         <object_component_ref idref="oc-108"/>
      </symbol>
      <symbol id="sm-22c">
         <name>button_S2_pressed_flag</name>
         <value>0x2000006e</value>
         <object_component_ref idref="oc-c6"/>
      </symbol>
      <symbol id="sm-279">
         <name>Clock_Delay1ms</name>
         <value>0x1d95</value>
         <object_component_ref idref="oc-145"/>
      </symbol>
      <symbol id="sm-27a">
         <name>Crystalstable</name>
         <value>0x20000084</value>
         <object_component_ref idref="oc-202"/>
      </symbol>
      <symbol id="sm-27b">
         <name>Prewait</name>
         <value>0x20000074</value>
         <object_component_ref idref="oc-202"/>
      </symbol>
      <symbol id="sm-27c">
         <name>IFlags</name>
         <value>0x20000080</value>
         <object_component_ref idref="oc-202"/>
      </symbol>
      <symbol id="sm-27d">
         <name>ClockFrequency</name>
         <value>0x20000070</value>
         <object_component_ref idref="oc-202"/>
      </symbol>
      <symbol id="sm-27e">
         <name>Postwait</name>
         <value>0x2000007c</value>
         <object_component_ref idref="oc-202"/>
      </symbol>
      <symbol id="sm-27f">
         <name>delay</name>
         <value>0x1f67</value>
         <object_component_ref idref="oc-1fc"/>
      </symbol>
      <symbol id="sm-280">
         <name>CPMwait</name>
         <value>0x20000078</value>
         <object_component_ref idref="oc-202"/>
      </symbol>
      <symbol id="sm-281">
         <name>Clock_Init48MHz</name>
         <value>0xfb5</value>
         <object_component_ref idref="oc-1a0"/>
      </symbol>
      <symbol id="sm-2bb">
         <name>left_motor_count</name>
         <value>0x200000b8</value>
         <object_component_ref idref="oc-cf"/>
      </symbol>
      <symbol id="sm-2bc">
         <name>get_right_motor_count</name>
         <value>0x1f8d</value>
         <object_component_ref idref="oc-124"/>
      </symbol>
      <symbol id="sm-2bd">
         <name>get_left_motor_count</name>
         <value>0x1f81</value>
         <object_component_ref idref="oc-11e"/>
      </symbol>
      <symbol id="sm-2be">
         <name>encoder_init</name>
         <value>0x12c1</value>
         <object_component_ref idref="oc-1b2"/>
      </symbol>
      <symbol id="sm-2bf">
         <name>PORT5_IRQHandler</name>
         <value>0x1571</value>
         <object_component_ref idref="oc-7c"/>
      </symbol>
      <symbol id="sm-2c0">
         <name>right_motor_count</name>
         <value>0x200000bc</value>
         <object_component_ref idref="oc-cf"/>
      </symbol>
      <symbol id="sm-301">
         <name>I2C_init</name>
         <value>0x1dc1</value>
         <object_component_ref idref="oc-1c4"/>
      </symbol>
      <symbol id="sm-302">
         <name>I2C_setslave</name>
         <value>0x1dfd</value>
         <object_component_ref idref="oc-1da"/>
      </symbol>
      <symbol id="sm-303">
         <name>Init_I2C_GPIO</name>
         <value>0x1e81</value>
         <object_component_ref idref="oc-1be"/>
      </symbol>
      <symbol id="sm-304">
         <name>I2C_read16</name>
         <value>0x1609</value>
         <object_component_ref idref="oc-1e0"/>
      </symbol>
      <symbol id="sm-305">
         <name>I2C_write16</name>
         <value>0x1b4d</value>
         <object_component_ref idref="oc-248"/>
      </symbol>
      <symbol id="sm-306">
         <name>i2cConfig</name>
         <value>0x1fd0</value>
         <object_component_ref idref="oc-244"/>
      </symbol>
      <symbol id="sm-329">
         <name>OPT3001_getLux</name>
         <value>0x1131</value>
         <object_component_ref idref="oc-102"/>
      </symbol>
      <symbol id="sm-32a">
         <name>OPT3001_init</name>
         <value>0x1f33</value>
         <object_component_ref idref="oc-1ca"/>
      </symbol>
      <symbol id="sm-37e">
         <name>set_left_motor_direction</name>
         <value>0x1d35</value>
         <object_component_ref idref="oc-12a"/>
      </symbol>
      <symbol id="sm-37f">
         <name>set_right_motor_pwm</name>
         <value>0x1a91</value>
         <object_component_ref idref="oc-f6"/>
      </symbol>
      <symbol id="sm-380">
         <name>motor_init</name>
         <value>0x1425</value>
         <object_component_ref idref="oc-1ac"/>
      </symbol>
      <symbol id="sm-381">
         <name>left_motor_pwm_config</name>
         <value>0x20000088</value>
         <object_component_ref idref="oc-1d1"/>
      </symbol>
      <symbol id="sm-382">
         <name>set_right_motor_direction</name>
         <value>0x1d65</value>
         <object_component_ref idref="oc-130"/>
      </symbol>
      <symbol id="sm-383">
         <name>set_left_motor_pwm</name>
         <value>0x1a31</value>
         <object_component_ref idref="oc-f0"/>
      </symbol>
      <symbol id="sm-384">
         <name>right_motor_pwm_config</name>
         <value>0x200000a0</value>
         <object_component_ref idref="oc-1d5"/>
      </symbol>
      <symbol id="sm-3a1">
         <name>Reset_Handler</name>
         <value>0x1f75</value>
         <object_component_ref idref="oc-64"/>
      </symbol>
      <symbol id="sm-3a2">
         <name>Default_Handler</name>
         <value>0xfb3</value>
         <object_component_ref idref="oc-6a"/>
      </symbol>
      <symbol id="sm-3a3">
         <name>interruptVectors</name>
         <value>0x0</value>
         <object_component_ref idref="oc-23"/>
      </symbol>
      <symbol id="sm-3c3">
         <name>GPIO_setAsPeripheralModuleFunctionOutputPin</name>
         <value>0x1721</value>
         <object_component_ref idref="oc-22b"/>
      </symbol>
      <symbol id="sm-462">
         <name>I2C_masterSendMultiByteStop</name>
         <value>0x1c5d</value>
         <object_component_ref idref="oc-27d"/>
      </symbol>
      <symbol id="sm-463">
         <name>I2C_masterSendMultiByteFinish</name>
         <value>0x1891</value>
         <object_component_ref idref="oc-2d0"/>
      </symbol>
      <symbol id="sm-464">
         <name>I2C_masterSendMultiByteNext</name>
         <value>0x1ccd</value>
         <object_component_ref idref="oc-2ca"/>
      </symbol>
      <symbol id="sm-465">
         <name>I2C_masterSendMultiByteStart</name>
         <value>0x18fd</value>
         <object_component_ref idref="oc-271"/>
      </symbol>
      <symbol id="sm-466">
         <name>I2C_masterReceiveMultiByteNext</name>
         <value>0x1f0b</value>
         <object_component_ref idref="oc-289"/>
      </symbol>
      <symbol id="sm-467">
         <name>I2C_getInterruptStatus</name>
         <value>0x1e4f</value>
         <object_component_ref idref="oc-277"/>
      </symbol>
      <symbol id="sm-468">
         <name>I2C_setMode</name>
         <value>0x1de1</value>
         <object_component_ref idref="oc-265"/>
      </symbol>
      <symbol id="sm-469">
         <name>I2C_isBusBusy</name>
         <value>0x1e69</value>
         <object_component_ref idref="oc-26b"/>
      </symbol>
      <symbol id="sm-46a">
         <name>I2C_masterReceiveMultiByteFinish</name>
         <value>0x1c1d</value>
         <object_component_ref idref="oc-28f"/>
      </symbol>
      <symbol id="sm-46b">
         <name>I2C_enableModule</name>
         <value>0x1ef5</value>
         <object_component_ref idref="oc-23e"/>
      </symbol>
      <symbol id="sm-46c">
         <name>I2C_masterReceiveStart</name>
         <value>0x1e35</value>
         <object_component_ref idref="oc-283"/>
      </symbol>
      <symbol id="sm-46d">
         <name>I2C_clearInterruptFlag</name>
         <value>0x1ec9</value>
         <object_component_ref idref="oc-25e"/>
      </symbol>
      <symbol id="sm-46e">
         <name>I2C_setSlaveAddress</name>
         <value>0x1f1f</value>
         <object_component_ref idref="oc-258"/>
      </symbol>
      <symbol id="sm-46f">
         <name>I2C_initMaster</name>
         <value>0x19cd</value>
         <object_component_ref idref="oc-232"/>
      </symbol>
      <symbol id="sm-470">
         <name>I2C_disableModule</name>
         <value>0x1edf</value>
         <object_component_ref idref="oc-238"/>
      </symbol>
      <symbol id="sm-489">
         <name>__aeabi_dsub</name>
         <value>0xdfd</value>
         <object_component_ref idref="oc-13b"/>
      </symbol>
      <symbol id="sm-48a">
         <name>__aeabi_dadd</name>
         <value>0xe07</value>
         <object_component_ref idref="oc-13b"/>
      </symbol>
      <symbol id="sm-499">
         <name>__aeabi_d2f</name>
         <value>0x1821</value>
         <object_component_ref idref="oc-140"/>
      </symbol>
      <symbol id="sm-4a4">
         <name>__aeabi_f2d</name>
         <value>0x1c95</value>
         <object_component_ref idref="oc-136"/>
      </symbol>
      <symbol id="sm-4be">
         <name>__TI_zero_init_nomemset</name>
         <value>0x1e19</value>
         <object_component_ref idref="oc-40"/>
      </symbol>
      <symbol id="sm-4d5">
         <name>__TI_decompress_none</name>
         <value>0x1f59</value>
         <object_component_ref idref="oc-1a"/>
      </symbol>
      <symbol id="sm-4f8">
         <name>__TI_decompress_lzss</name>
         <value>0x1965</value>
         <object_component_ref idref="oc-14"/>
      </symbol>
      <symbol id="sm-50b">
         <name>__stack</name>
         <value>0x2000fe00</value>
         <object_component_ref idref="oc-26"/>
      </symbol>
      <symbol id="sm-50c">
         <name>_c_int00_noargs</name>
         <value>0x1d01</value>
         <object_component_ref idref="oc-52"/>
      </symbol>
      <symbol id="sm-528">
         <name>memcpy</name>
         <value>0x14d5</value>
         <object_component_ref idref="oc-34"/>
      </symbol>
      <symbol id="sm-529">
         <name>__aeabi_memcpy</name>
         <value>0x14d5</value>
         <object_component_ref idref="oc-34"/>
      </symbol>
      <symbol id="sm-52a">
         <name>__aeabi_memcpy8</name>
         <value>0x14d5</value>
         <object_component_ref idref="oc-34"/>
      </symbol>
      <symbol id="sm-52b">
         <name>__aeabi_memcpy4</name>
         <value>0x14d5</value>
         <object_component_ref idref="oc-34"/>
      </symbol>
      <symbol id="sm-553">
         <name>__TI_auto_init_nobinit_nopinit</name>
         <value>0x1bd9</value>
         <object_component_ref idref="oc-15d"/>
      </symbol>
      <symbol id="sm-55d">
         <name>_system_pre_init</name>
         <value>0x1f99</value>
         <object_component_ref idref="oc-a2"/>
      </symbol>
      <symbol id="sm-569">
         <name>C$$EXIT</name>
         <value>0x1f9d</value>
         <object_component_ref idref="oc-151"/>
      </symbol>
      <symbol id="sm-56a">
         <name>abort</name>
         <value>0x1f9d</value>
         <object_component_ref idref="oc-151"/>
      </symbol>
      <symbol id="sm-56d">
         <name>__TI_static_base__</name>
         <value>0x0</value>
      </symbol>
      <symbol id="sm-570">
         <name>__mpu_init</name>
         <value>0x0</value>
      </symbol>
      <symbol id="sm-571">
         <name>_system_post_cinit</name>
         <value>0x0</value>
      </symbol>
      <symbol id="sm-572">
         <name>NMI_Handler</name>
         <value>0xfb3</value>
      </symbol>
      <symbol id="sm-573">
         <name>HardFault_Handler</name>
         <value>0xfb3</value>
      </symbol>
      <symbol id="sm-574">
         <name>MemManage_Handler</name>
         <value>0xfb3</value>
      </symbol>
      <symbol id="sm-575">
         <name>BusFault_Handler</name>
         <value>0xfb3</value>
      </symbol>
      <symbol id="sm-576">
         <name>UsageFault_Handler</name>
         <value>0xfb3</value>
      </symbol>
      <symbol id="sm-577">
         <name>SVC_Handler</name>
         <value>0xfb3</value>
      </symbol>
      <symbol id="sm-578">
         <name>DebugMon_Handler</name>
         <value>0xfb3</value>
      </symbol>
      <symbol id="sm-579">
         <name>PendSV_Handler</name>
         <value>0xfb3</value>
      </symbol>
      <symbol id="sm-57a">
         <name>SysTick_Handler</name>
         <value>0x1f49</value>
      </symbol>
      <symbol id="sm-57b">
         <name>PSS_IRQHandler</name>
         <value>0xfb3</value>
      </symbol>
      <symbol id="sm-57c">
         <name>CS_IRQHandler</name>
         <value>0xfb3</value>
      </symbol>
      <symbol id="sm-57d">
         <name>PCM_IRQHandler</name>
         <value>0xfb3</value>
      </symbol>
      <symbol id="sm-57e">
         <name>WDT_A_IRQHandler</name>
         <value>0xfb3</value>
      </symbol>
      <symbol id="sm-57f">
         <name>FPU_IRQHandler</name>
         <value>0xfb3</value>
      </symbol>
      <symbol id="sm-580">
         <name>FLCTL_IRQHandler</name>
         <value>0xfb3</value>
      </symbol>
      <symbol id="sm-581">
         <name>COMP_E0_IRQHandler</name>
         <value>0xfb3</value>
      </symbol>
      <symbol id="sm-582">
         <name>COMP_E1_IRQHandler</name>
         <value>0xfb3</value>
      </symbol>
      <symbol id="sm-583">
         <name>TA0_0_IRQHandler</name>
         <value>0xfb3</value>
      </symbol>
      <symbol id="sm-584">
         <name>TA0_N_IRQHandler</name>
         <value>0xfb3</value>
      </symbol>
      <symbol id="sm-585">
         <name>TA1_0_IRQHandler</name>
         <value>0xfb3</value>
      </symbol>
      <symbol id="sm-586">
         <name>TA1_N_IRQHandler</name>
         <value>0xfb3</value>
      </symbol>
      <symbol id="sm-587">
         <name>TA2_0_IRQHandler</name>
         <value>0xfb3</value>
      </symbol>
      <symbol id="sm-588">
         <name>TA2_N_IRQHandler</name>
         <value>0xfb3</value>
      </symbol>
      <symbol id="sm-589">
         <name>TA3_0_IRQHandler</name>
         <value>0xfb3</value>
      </symbol>
      <symbol id="sm-58a">
         <name>TA3_N_IRQHandler</name>
         <value>0xfb3</value>
      </symbol>
      <symbol id="sm-58b">
         <name>EUSCIA0_IRQHandler</name>
         <value>0xfb3</value>
      </symbol>
      <symbol id="sm-58c">
         <name>EUSCIA1_IRQHandler</name>
         <value>0xfb3</value>
      </symbol>
      <symbol id="sm-58d">
         <name>EUSCIA2_IRQHandler</name>
         <value>0xfb3</value>
      </symbol>
      <symbol id="sm-58e">
         <name>EUSCIA3_IRQHandler</name>
         <value>0xfb3</value>
      </symbol>
      <symbol id="sm-58f">
         <name>EUSCIB0_IRQHandler</name>
         <value>0xfb3</value>
      </symbol>
      <symbol id="sm-590">
         <name>EUSCIB1_IRQHandler</name>
         <value>0xfb3</value>
      </symbol>
      <symbol id="sm-591">
         <name>EUSCIB2_IRQHandler</name>
         <value>0xfb3</value>
      </symbol>
      <symbol id="sm-592">
         <name>EUSCIB3_IRQHandler</name>
         <value>0xfb3</value>
      </symbol>
      <symbol id="sm-593">
         <name>ADC14_IRQHandler</name>
         <value>0xfb3</value>
      </symbol>
      <symbol id="sm-594">
         <name>T32_INT1_IRQHandler</name>
         <value>0xfb3</value>
      </symbol>
      <symbol id="sm-595">
         <name>T32_INT2_IRQHandler</name>
         <value>0xfb3</value>
      </symbol>
      <symbol id="sm-596">
         <name>T32_INTC_IRQHandler</name>
         <value>0xfb3</value>
      </symbol>
      <symbol id="sm-597">
         <name>AES256_IRQHandler</name>
         <value>0xfb3</value>
      </symbol>
      <symbol id="sm-598">
         <name>RTC_C_IRQHandler</name>
         <value>0xfb3</value>
      </symbol>
      <symbol id="sm-599">
         <name>DMA_ERR_IRQHandler</name>
         <value>0xfb3</value>
      </symbol>
      <symbol id="sm-59a">
         <name>DMA_INT3_IRQHandler</name>
         <value>0xfb3</value>
      </symbol>
      <symbol id="sm-59b">
         <name>DMA_INT2_IRQHandler</name>
         <value>0xfb3</value>
      </symbol>
      <symbol id="sm-59c">
         <name>DMA_INT1_IRQHandler</name>
         <value>0xfb3</value>
      </symbol>
      <symbol id="sm-59d">
         <name>DMA_INT0_IRQHandler</name>
         <value>0xfb3</value>
      </symbol>
      <symbol id="sm-59e">
         <name>PORT1_IRQHandler</name>
         <value>0x1b95</value>
      </symbol>
      <symbol id="sm-59f">
         <name>PORT2_IRQHandler</name>
         <value>0xfb3</value>
      </symbol>
      <symbol id="sm-5a0">
         <name>PORT3_IRQHandler</name>
         <value>0xfb3</value>
      </symbol>
      <symbol id="sm-5a1">
         <name>PORT4_IRQHandler</name>
         <value>0xfb3</value>
      </symbol>
      <symbol id="sm-5a2">
         <name>PORT5_IRQHandler</name>
         <value>0x1571</value>
      </symbol>
      <symbol id="sm-5a3">
         <name>PORT6_IRQHandler</name>
         <value>0xfb3</value>
      </symbol>
   </symbol_table>
   <title>Link successful</title>
</link_info>
